Component: ARM Compiler 5.06 update 7 (build 960) Tool: armlink [4d3601]

==============================================================================

Section Cross References

    startup_stm32f103xe.o(STACK) refers (Special) to heapauxi.o(.text) for __use_two_region_memory
    startup_stm32f103xe.o(HEAP) refers (Special) to heapauxi.o(.text) for __use_two_region_memory
    startup_stm32f103xe.o(RESET) refers (Special) to heapauxi.o(.text) for __use_two_region_memory
    startup_stm32f103xe.o(RESET) refers to startup_stm32f103xe.o(STACK) for __initial_sp
    startup_stm32f103xe.o(RESET) refers to startup_stm32f103xe.o(.text) for Reset_Handler
    startup_stm32f103xe.o(RESET) refers to stm32f1xx_it.o(i.NMI_Handler) for NMI_Handler
    startup_stm32f103xe.o(RESET) refers to stm32f1xx_it.o(i.HardFault_Handler) for HardFault_Handler
    startup_stm32f103xe.o(RESET) refers to stm32f1xx_it.o(i.MemManage_Handler) for MemManage_Handler
    startup_stm32f103xe.o(RESET) refers to stm32f1xx_it.o(i.BusFault_Handler) for BusFault_Handler
    startup_stm32f103xe.o(RESET) refers to stm32f1xx_it.o(i.UsageFault_Handler) for UsageFault_Handler
    startup_stm32f103xe.o(RESET) refers to stm32f1xx_it.o(i.SVC_Handler) for SVC_Handler
    startup_stm32f103xe.o(RESET) refers to stm32f1xx_it.o(i.DebugMon_Handler) for DebugMon_Handler
    startup_stm32f103xe.o(RESET) refers to stm32f1xx_it.o(i.PendSV_Handler) for PendSV_Handler
    startup_stm32f103xe.o(RESET) refers to stm32f1xx_it.o(i.SysTick_Handler) for SysTick_Handler
    startup_stm32f103xe.o(RESET) refers to stm32f1xx_it.o(i.EXTI9_5_IRQHandler) for EXTI9_5_IRQHandler
    startup_stm32f103xe.o(.text) refers (Special) to heapauxi.o(.text) for __use_two_region_memory
    startup_stm32f103xe.o(.text) refers to system_stm32f1xx.o(i.SystemInit) for SystemInit
    startup_stm32f103xe.o(.text) refers to __main.o(!!!main) for __main
    startup_stm32f103xe.o(.text) refers to startup_stm32f103xe.o(HEAP) for Heap_Mem
    startup_stm32f103xe.o(.text) refers to startup_stm32f103xe.o(STACK) for Stack_Mem
    main.o(i.SystemClock_Config) refers to rt_memclr_w.o(.text) for __aeabi_memclr4
    main.o(i.SystemClock_Config) refers to stm32f1xx_hal_rcc.o(i.HAL_RCC_OscConfig) for HAL_RCC_OscConfig
    main.o(i.SystemClock_Config) refers to stm32f1xx_hal_rcc.o(i.HAL_RCC_ClockConfig) for HAL_RCC_ClockConfig
    main.o(i.main) refers to stm32f1xx_hal.o(i.HAL_Init) for HAL_Init
    main.o(i.main) refers to main.o(i.SystemClock_Config) for SystemClock_Config
    main.o(i.main) refers to gpio.o(i.MX_GPIO_Init) for MX_GPIO_Init
    main.o(i.main) refers to tim.o(i.MX_TIM6_Init) for MX_TIM6_Init
    main.o(i.main) refers to spi.o(i.MX_SPI2_Init) for MX_SPI2_Init
    main.o(i.main) refers to tim.o(i.MX_TIM2_Init) for MX_TIM2_Init
    main.o(i.main) refers to usart.o(i.MX_USART1_UART_Init) for MX_USART1_UART_Init
    main.o(i.main) refers to lcd.o(i.LCD_Init) for LCD_Init
    main.o(i.main) refers to lcd.o(i.LCD_Clear) for LCD_Clear
    main.o(i.main) refers to stm32f1xx_hal_tim.o(i.HAL_TIM_Base_Start) for HAL_TIM_Base_Start
    main.o(i.main) refers to show.o(i.LCD_DrawRectangle) for LCD_DrawRectangle
    main.o(i.main) refers to show.o(i.Show_Str) for Show_Str
    main.o(i.main) refers to lcd.o(.data) for POINT_COLOR
    main.o(i.main) refers to tim.o(.bss) for htim2
    gpio.o(i.MX_GPIO_Init) refers to stm32f1xx_hal_gpio.o(i.HAL_GPIO_WritePin) for HAL_GPIO_WritePin
    gpio.o(i.MX_GPIO_Init) refers to stm32f1xx_hal_gpio.o(i.HAL_GPIO_Init) for HAL_GPIO_Init
    gpio.o(i.MX_GPIO_Init) refers to stm32f1xx_hal_cortex.o(i.HAL_NVIC_SetPriority) for HAL_NVIC_SetPriority
    gpio.o(i.MX_GPIO_Init) refers to stm32f1xx_hal_cortex.o(i.HAL_NVIC_EnableIRQ) for HAL_NVIC_EnableIRQ
    spi.o(i.HAL_SPI_MspDeInit) refers to stm32f1xx_hal_gpio.o(i.HAL_GPIO_DeInit) for HAL_GPIO_DeInit
    spi.o(i.HAL_SPI_MspInit) refers to stm32f1xx_hal_gpio.o(i.HAL_GPIO_Init) for HAL_GPIO_Init
    spi.o(i.MX_SPI2_Init) refers to stm32f1xx_hal_spi.o(i.HAL_SPI_Init) for HAL_SPI_Init
    spi.o(i.MX_SPI2_Init) refers to main.o(i.Error_Handler) for Error_Handler
    spi.o(i.MX_SPI2_Init) refers to spi.o(.bss) for .bss
    tim.o(i.MX_TIM2_Init) refers to stm32f1xx_hal_tim.o(i.HAL_TIM_Base_Init) for HAL_TIM_Base_Init
    tim.o(i.MX_TIM2_Init) refers to main.o(i.Error_Handler) for Error_Handler
    tim.o(i.MX_TIM2_Init) refers to stm32f1xx_hal_tim.o(i.HAL_TIM_ConfigClockSource) for HAL_TIM_ConfigClockSource
    tim.o(i.MX_TIM2_Init) refers to stm32f1xx_hal_tim_ex.o(i.HAL_TIMEx_MasterConfigSynchronization) for HAL_TIMEx_MasterConfigSynchronization
    tim.o(i.MX_TIM2_Init) refers to tim.o(.bss) for .bss
    tim.o(i.MX_TIM6_Init) refers to stm32f1xx_hal_tim.o(i.HAL_TIM_Base_Init) for HAL_TIM_Base_Init
    tim.o(i.MX_TIM6_Init) refers to main.o(i.Error_Handler) for Error_Handler
    tim.o(i.MX_TIM6_Init) refers to stm32f1xx_hal_tim_ex.o(i.HAL_TIMEx_MasterConfigSynchronization) for HAL_TIMEx_MasterConfigSynchronization
[...]
    Removing stm32f1xx_hal_tim.o(i.HAL_TIM_DMABurstState), (6 bytes).
    Removing stm32f1xx_hal_tim.o(i.HAL_TIM_DMABurst_MultiReadStart), (332 bytes).
    Removing stm32f1xx_hal_tim.o(i.HAL_TIM_DMABurst_MultiWriteStart), (332 bytes).
    Removing stm32f1xx_hal_tim.o(i.HAL_TIM_DMABurst_ReadStart), (18 bytes).
    Removing stm32f1xx_hal_tim.o(i.HAL_TIM_DMABurst_ReadStop), (106 bytes).
    Removing stm32f1xx_hal_tim.o(i.HAL_TIM_DMABurst_WriteStart), (18 bytes).
    Removing stm32f1xx_hal_tim.o(i.HAL_TIM_DMABurst_WriteStop), (106 bytes).
    Removing stm32f1xx_hal_tim.o(i.HAL_TIM_Encoder_DeInit), (76 bytes).
    Removing stm32f1xx_hal_tim.o(i.HAL_TIM_Encoder_GetState), (6 bytes).
    Removing stm32f1xx_hal_tim.o(i.HAL_TIM_Encoder_Init), (164 bytes).
    Removing stm32f1xx_hal_tim.o(i.HAL_TIM_Encoder_MspDeInit), (2 bytes).
    Removing stm32f1xx_hal_tim.o(i.HAL_TIM_Encoder_MspInit), (2 bytes).
    Removing stm32f1xx_hal_tim.o(i.HAL_TIM_Encoder_Start), (142 bytes).
    Removing stm32f1xx_hal_tim.o(i.HAL_TIM_Encoder_Start_DMA), (428 bytes).
    Removing stm32f1xx_hal_tim.o(i.HAL_TIM_Encoder_Start_IT), (182 bytes).
    Removing stm32f1xx_hal_tim.o(i.HAL_TIM_Encoder_Stop), (102 bytes).
    Removing stm32f1xx_hal_tim.o(i.HAL_TIM_Encoder_Stop_DMA), (172 bytes).
    Removing stm32f1xx_hal_tim.o(i.HAL_TIM_Encoder_Stop_IT), (144 bytes).
    Removing stm32f1xx_hal_tim.o(i.HAL_TIM_ErrorCallback), (2 bytes).
    Removing stm32f1xx_hal_tim.o(i.HAL_TIM_GenerateEvent), (38 bytes).
    Removing stm32f1xx_hal_tim.o(i.HAL_TIM_GetActiveChannel), (4 bytes).
    Removing stm32f1xx_hal_tim.o(i.HAL_TIM_GetChannelState), (34 bytes).
    Removing stm32f1xx_hal_tim.o(i.HAL_TIM_IC_CaptureCallback), (2 bytes).
    Removing stm32f1xx_hal_tim.o(i.HAL_TIM_IC_CaptureHalfCpltCallback), (2 bytes).
    Removing stm32f1xx_hal_tim.o(i.HAL_TIM_IC_ConfigChannel), (292 bytes).
    Removing stm32f1xx_hal_tim.o(i.HAL_TIM_IC_DeInit), (92 bytes).
    Removing stm32f1xx_hal_tim.o(i.HAL_TIM_IC_GetState), (6 bytes).
    Removing stm32f1xx_hal_tim.o(i.HAL_TIM_IC_Init), (90 bytes).
    Removing stm32f1xx_hal_tim.o(i.HAL_TIM_IC_MspDeInit), (2 bytes).
    Removing stm32f1xx_hal_tim.o(i.HAL_TIM_IC_MspInit), (2 bytes).
    Removing stm32f1xx_hal_tim.o(i.HAL_TIM_IC_Start), (204 bytes).
    Removing stm32f1xx_hal_tim.o(i.HAL_TIM_IC_Start_DMA), (436 bytes).
    Removing stm32f1xx_hal_tim.o(i.HAL_TIM_IC_Start_IT), (248 bytes).
    Removing stm32f1xx_hal_tim.o(i.HAL_TIM_IC_Stop), (82 bytes).
    Removing stm32f1xx_hal_tim.o(i.HAL_TIM_IC_Stop_DMA), (160 bytes).
    Removing stm32f1xx_hal_tim.o(i.HAL_TIM_IC_Stop_IT), (146 bytes).
    Removing stm32f1xx_hal_tim.o(i.HAL_TIM_IRQHandler), (358 bytes).
    Removing stm32f1xx_hal_tim.o(i.HAL_TIM_OC_ConfigChannel), (82 bytes).
    Removing stm32f1xx_hal_tim.o(i.HAL_TIM_OC_DeInit), (92 bytes).
    Removing stm32f1xx_hal_tim.o(i.HAL_TIM_OC_DelayElapsedCallback), (2 bytes).
    Removing stm32f1xx_hal_tim.o(i.HAL_TIM_OC_GetState), (6 bytes).
    Removing stm32f1xx_hal_tim.o(i.HAL_TIM_OC_Init), (90 bytes).
    Removing stm32f1xx_hal_tim.o(i.HAL_TIM_OC_MspDeInit), (2 bytes).
    Removing stm32f1xx_hal_tim.o(i.HAL_TIM_OC_MspInit), (2 bytes).
    Removing stm32f1xx_hal_tim.o(i.HAL_TIM_OC_Start), (180 bytes).
    Removing stm32f1xx_hal_tim.o(i.HAL_TIM_OC_Start_DMA), (428 bytes).
    Removing stm32f1xx_hal_tim.o(i.HAL_TIM_OC_Start_IT), (224 bytes).
    Removing stm32f1xx_hal_tim.o(i.HAL_TIM_OC_Stop), (124 bytes).
    Removing stm32f1xx_hal_tim.o(i.HAL_TIM_OC_Stop_DMA), (204 bytes).
    Removing stm32f1xx_hal_tim.o(i.HAL_TIM_OC_Stop_IT), (188 bytes).
    Removing stm32f1xx_hal_tim.o(i.HAL_TIM_OnePulse_ConfigChannel), (230 bytes).
    Removing stm32f1xx_hal_tim.o(i.HAL_TIM_OnePulse_DeInit), (76 bytes).
    Removing stm32f1xx_hal_tim.o(i.HAL_TIM_OnePulse_GetState), (6 bytes).
    Removing stm32f1xx_hal_tim.o(i.HAL_TIM_OnePulse_Init), (86 bytes).
    Removing stm32f1xx_hal_tim.o(i.HAL_TIM_OnePulse_MspDeInit), (2 bytes).
    Removing stm32f1xx_hal_tim.o(i.HAL_TIM_OnePulse_MspInit), (2 bytes).
    Removing stm32f1xx_hal_tim.o(i.HAL_TIM_OnePulse_Start), (112 bytes).
    Removing stm32f1xx_hal_tim.o(i.HAL_TIM_OnePulse_Start_IT), (132 bytes).
    Removing stm32f1xx_hal_tim.o(i.HAL_TIM_OnePulse_Stop), (112 bytes).
    Removing stm32f1xx_hal_tim.o(i.HAL_TIM_OnePulse_Stop_IT), (132 bytes).
    Removing stm32f1xx_hal_tim.o(i.HAL_TIM_PWM_ConfigChannel), (204 bytes).
    Removing stm32f1xx_hal_tim.o(i.HAL_TIM_PWM_DeInit), (92 bytes).
    Removing stm32f1xx_hal_tim.o(i.HAL_TIM_PWM_GetState), (6 bytes).
    Removing stm32f1xx_hal_tim.o(i.HAL_TIM_PWM_Init), (90 bytes).
    Removing stm32f1xx_hal_tim.o(i.HAL_TIM_PWM_MspDeInit), (2 bytes).
    Removing stm32f1xx_hal_tim.o(i.HAL_TIM_PWM_MspInit), (2 bytes).
    Removing stm32f1xx_hal_tim.o(i.HAL_TIM_PWM_PulseFinishedCallback), (2 bytes).
    Removing stm32f1xx_hal_tim.o(i.HAL_TIM_PWM_PulseFinishedHalfCpltCallback), (2 bytes).
    Removing stm32f1xx_hal_tim.o(i.HAL_TIM_PWM_Start), (180 bytes).
    Removing stm32f1xx_hal_tim.o(i.HAL_TIM_PWM_Start_DMA), (428 bytes).
    Removing stm32f1xx_hal_tim.o(i.HAL_TIM_PWM_Start_IT), (224 bytes).
    Removing stm32f1xx_hal_tim.o(i.HAL_TIM_PWM_Stop), (124 bytes).
    Removing stm32f1xx_hal_tim.o(i.HAL_TIM_PWM_Stop_DMA), (204 bytes).
    Removing stm32f1xx_hal_tim.o(i.HAL_TIM_PWM_Stop_IT), (188 bytes).
    Removing stm32f1xx_hal_tim.o(i.HAL_TIM_PeriodElapsedCallback), (2 bytes).
    Removing stm32f1xx_hal_tim.o(i.HAL_TIM_PeriodElapsedHalfCpltCallback), (2 bytes).
    Removing stm32f1xx_hal_tim.o(i.HAL_TIM_ReadCapturedValue), (42 bytes).
    Removing stm32f1xx_hal_tim.o(i.HAL_TIM_SlaveConfigSynchro), (86 bytes).
    Removing stm32f1xx_hal_tim.o(i.HAL_TIM_SlaveConfigSynchro_IT), (86 bytes).
    Removing stm32f1xx_hal_tim.o(i.HAL_TIM_TriggerCallback), (2 bytes).
    Removing stm32f1xx_hal_tim.o(i.HAL_TIM_TriggerHalfCpltCallback), (2 bytes).
    Removing stm32f1xx_hal_tim.o(i.TIM_CCxChannelCmd), (26 bytes).
    Removing stm32f1xx_hal_tim.o(i.TIM_DMACaptureCplt), (110 bytes).
    Removing stm32f1xx_hal_tim.o(i.TIM_DMACaptureHalfCplt), (56 bytes).
    Removing stm32f1xx_hal_tim.o(i.TIM_DMADelayPulseCplt), (94 bytes).
    Removing stm32f1xx_hal_tim.o(i.TIM_DMADelayPulseHalfCplt), (56 bytes).
    Removing stm32f1xx_hal_tim.o(i.TIM_DMAError), (84 bytes).
    Removing stm32f1xx_hal_tim.o(i.TIM_DMAPeriodElapsedCplt), (22 bytes).
    Removing stm32f1xx_hal_tim.o(i.TIM_DMAPeriodElapsedHalfCplt), (10 bytes).
    Removing stm32f1xx_hal_tim.o(i.TIM_DMATriggerCplt), (22 bytes).
    Removing stm32f1xx_hal_tim.o(i.TIM_DMATriggerHalfCplt), (10 bytes).
    Removing stm32f1xx_hal_tim.o(i.TIM_OC1_SetConfig), (96 bytes).
    Removing stm32f1xx_hal_tim.o(i.TIM_OC2_SetConfig), (108 bytes).
    Removing stm32f1xx_hal_tim.o(i.TIM_OC3_SetConfig), (104 bytes).
    Removing stm32f1xx_hal_tim.o(i.TIM_OC4_SetConfig), (80 bytes).
    Removing stm32f1xx_hal_tim.o(i.TIM_SlaveTimer_SetConfig), (140 bytes).
    Removing stm32f1xx_hal_tim.o(i.TIM_TI1_SetConfig), (108 bytes).
    Removing stm32f1xx_hal_tim.o(i.TIM_TI2_SetConfig), (54 bytes).
    Removing stm32f1xx_hal_tim_ex.o(.rev16_text), (4 bytes).
    Removing stm32f1xx_hal_tim_ex.o(.revsh_text), (4 bytes).
    Removing stm32f1xx_hal_tim_ex.o(.rrx_text), (6 bytes).
    Removing stm32f1xx_hal_tim_ex.o(i.HAL_TIMEx_BreakCallback), (2 bytes).
    Removing stm32f1xx_hal_tim_ex.o(i.HAL_TIMEx_CommutCallback), (2 bytes).
    Removing stm32f1xx_hal_tim_ex.o(i.HAL_TIMEx_CommutHalfCpltCallback), (2 bytes).
    Removing stm32f1xx_hal_tim_ex.o(i.HAL_TIMEx_ConfigBreakDeadTime), (84 bytes).
    Removing stm32f1xx_hal_tim_ex.o(i.HAL_TIMEx_ConfigCommutEvent), (112 bytes).
    Removing stm32f1xx_hal_tim_ex.o(i.HAL_TIMEx_ConfigCommutEvent_DMA), (144 bytes).
    Removing stm32f1xx_hal_tim_ex.o(i.HAL_TIMEx_ConfigCommutEvent_IT), (112 bytes).
    Removing stm32f1xx_hal_tim_ex.o(i.HAL_TIMEx_GetChannelNState), (34 bytes).
    Removing stm32f1xx_hal_tim_ex.o(i.HAL_TIMEx_HallSensor_DeInit), (76 bytes).
    Removing stm32f1xx_hal_tim_ex.o(i.HAL_TIMEx_HallSensor_GetState), (6 bytes).
    Removing stm32f1xx_hal_tim_ex.o(i.HAL_TIMEx_HallSensor_Init), (208 bytes).
    Removing stm32f1xx_hal_tim_ex.o(i.HAL_TIMEx_HallSensor_MspDeInit), (2 bytes).
    Removing stm32f1xx_hal_tim_ex.o(i.HAL_TIMEx_HallSensor_MspInit), (2 bytes).
    Removing stm32f1xx_hal_tim_ex.o(i.HAL_TIMEx_HallSensor_Start), (148 bytes).
    Removing stm32f1xx_hal_tim_ex.o(i.HAL_TIMEx_HallSensor_Start_DMA), (204 bytes).
    Removing stm32f1xx_hal_tim_ex.o(i.HAL_TIMEx_HallSensor_Start_IT), (160 bytes).
    Removing stm32f1xx_hal_tim_ex.o(i.HAL_TIMEx_HallSensor_Stop), (58 bytes).
    Removing stm32f1xx_hal_tim_ex.o(i.HAL_TIMEx_HallSensor_Stop_DMA), (70 bytes).
    Removing stm32f1xx_hal_tim_ex.o(i.HAL_TIMEx_HallSensor_Stop_IT), (68 bytes).
    Removing stm32f1xx_hal_tim_ex.o(i.HAL_TIMEx_OCN_Start), (172 bytes).
    Removing stm32f1xx_hal_tim_ex.o(i.HAL_TIMEx_OCN_Start_DMA), (372 bytes).
    Removing stm32f1xx_hal_tim_ex.o(i.HAL_TIMEx_OCN_Start_IT), (212 bytes).
    Removing stm32f1xx_hal_tim_ex.o(i.HAL_TIMEx_OCN_Stop), (104 bytes).
    Removing stm32f1xx_hal_tim_ex.o(i.HAL_TIMEx_OCN_Stop_DMA), (168 bytes).
    Removing stm32f1xx_hal_tim_ex.o(i.HAL_TIMEx_OCN_Stop_IT), (170 bytes).
    Removing stm32f1xx_hal_tim_ex.o(i.HAL_TIMEx_OnePulseN_Start), (100 bytes).
    Removing stm32f1xx_hal_tim_ex.o(i.HAL_TIMEx_OnePulseN_Start_IT), (120 bytes).
    Removing stm32f1xx_hal_tim_ex.o(i.HAL_TIMEx_OnePulseN_Stop), (98 bytes).
    Removing stm32f1xx_hal_tim_ex.o(i.HAL_TIMEx_OnePulseN_Stop_IT), (120 bytes).
    Removing stm32f1xx_hal_tim_ex.o(i.HAL_TIMEx_PWMN_Start), (172 bytes).
    Removing stm32f1xx_hal_tim_ex.o(i.HAL_TIMEx_PWMN_Start_DMA), (372 bytes).
    Removing stm32f1xx_hal_tim_ex.o(i.HAL_TIMEx_PWMN_Start_IT), (212 bytes).
    Removing stm32f1xx_hal_tim_ex.o(i.HAL_TIMEx_PWMN_Stop), (104 bytes).
    Removing stm32f1xx_hal_tim_ex.o(i.HAL_TIMEx_PWMN_Stop_DMA), (168 bytes).
    Removing stm32f1xx_hal_tim_ex.o(i.HAL_TIMEx_PWMN_Stop_IT), (170 bytes).
    Removing stm32f1xx_hal_tim_ex.o(i.HAL_TIMEx_RemapConfig), (4 bytes).
    Removing stm32f1xx_hal_tim_ex.o(i.TIMEx_DMACommutationCplt), (16 bytes).
    Removing stm32f1xx_hal_tim_ex.o(i.TIMEx_DMACommutationHalfCplt), (16 bytes).
    Removing stm32f1xx_hal_tim_ex.o(i.TIM_CCxNChannelCmd), (26 bytes).
    Removing stm32f1xx_hal_tim_ex.o(i.TIM_DMADelayPulseNCplt), (94 bytes).
    Removing stm32f1xx_hal_tim_ex.o(i.TIM_DMAErrorCCxN), (62 bytes).
    Removing stm32f1xx_hal_uart.o(.rev16_text), (4 bytes).
    Removing stm32f1xx_hal_uart.o(.revsh_text), (4 bytes).
    Removing stm32f1xx_hal_uart.o(.rrx_text), (6 bytes).
    Removing stm32f1xx_hal_uart.o(i.HAL_HalfDuplex_EnableReceiver), (50 bytes).
    Removing stm32f1xx_hal_uart.o(i.HAL_HalfDuplex_EnableTransmitter), (50 bytes).
    Removing stm32f1xx_hal_uart.o(i.HAL_HalfDuplex_Init), (110 bytes).
    Removing stm32f1xx_hal_uart.o(i.HAL_LIN_Init), (130 bytes).
    Removing stm32f1xx_hal_uart.o(i.HAL_LIN_SendBreak), (60 bytes).
    Removing stm32f1xx_hal_uart.o(i.HAL_MultiProcessor_EnterMuteMode), (62 bytes).
    Removing stm32f1xx_hal_uart.o(i.HAL_MultiProcessor_ExitMuteMode), (62 bytes).
    Removing stm32f1xx_hal_uart.o(i.HAL_MultiProcessor_Init), (144 bytes).
    Removing stm32f1xx_hal_uart.o(i.HAL_UARTEx_GetRxEventType), (4 bytes).
    Removing stm32f1xx_hal_uart.o(i.HAL_UARTEx_ReceiveToIdle), (240 bytes).
    Removing stm32f1xx_hal_uart.o(i.HAL_UARTEx_ReceiveToIdle_DMA), (78 bytes).
    Removing stm32f1xx_hal_uart.o(i.HAL_UARTEx_ReceiveToIdle_IT), (78 bytes).
    Removing stm32f1xx_hal_uart.o(i.HAL_UARTEx_RxEventCallback), (2 bytes).
    Removing stm32f1xx_hal_uart.o(i.HAL_UART_Abort), (210 bytes).
    Removing stm32f1xx_hal_uart.o(i.HAL_UART_AbortCpltCallback), (2 bytes).
    Removing stm32f1xx_hal_uart.o(i.HAL_UART_AbortReceive), (148 bytes).
    Removing stm32f1xx_hal_uart.o(i.HAL_UART_AbortReceiveCpltCallback), (2 bytes).
    Removing stm32f1xx_hal_uart.o(i.HAL_UART_AbortReceive_IT), (152 bytes).
    Removing stm32f1xx_hal_uart.o(i.HAL_UART_AbortTransmit), (98 bytes).
    Removing stm32f1xx_hal_uart.o(i.HAL_UART_AbortTransmitCpltCallback), (2 bytes).
    Removing stm32f1xx_hal_uart.o(i.HAL_UART_AbortTransmit_IT), (104 bytes).
    Removing stm32f1xx_hal_uart.o(i.HAL_UART_Abort_IT), (244 bytes).
    Removing stm32f1xx_hal_uart.o(i.HAL_UART_DMAPause), (120 bytes).
    Removing stm32f1xx_hal_uart.o(i.HAL_UART_DMAResume), (114 bytes).
    Removing stm32f1xx_hal_uart.o(i.HAL_UART_DMAStop), (112 bytes).
    Removing stm32f1xx_hal_uart.o(i.HAL_UART_DeInit), (54 bytes).
    Removing stm32f1xx_hal_uart.o(i.HAL_UART_ErrorCallback), (2 bytes).
    Removing stm32f1xx_hal_uart.o(i.HAL_UART_GetError), (4 bytes).
    Removing stm32f1xx_hal_uart.o(i.HAL_UART_GetState), (10 bytes).
    Removing stm32f1xx_hal_uart.o(i.HAL_UART_IRQHandler), (620 bytes).
    Removing stm32f1xx_hal_uart.o(i.HAL_UART_MspDeInit), (2 bytes).
    Removing stm32f1xx_hal_uart.o(i.HAL_UART_MspInit), (2 bytes).
    Removing stm32f1xx_hal_uart.o(i.HAL_UART_Receive), (172 bytes).
    Removing stm32f1xx_hal_uart.o(i.HAL_UART_Receive_DMA), (28 bytes).
    Removing stm32f1xx_hal_uart.o(i.HAL_UART_Receive_IT), (28 bytes).
    Removing stm32f1xx_hal_uart.o(i.HAL_UART_RxCpltCallback), (2 bytes).
    Removing stm32f1xx_hal_uart.o(i.HAL_UART_RxHalfCpltCallback), (2 bytes).
    Removing stm32f1xx_hal_uart.o(i.HAL_UART_Transmit), (154 bytes).
    Removing stm32f1xx_hal_uart.o(i.HAL_UART_Transmit_DMA), (120 bytes).
    Removing stm32f1xx_hal_uart.o(i.HAL_UART_Transmit_IT), (50 bytes).
    Removing stm32f1xx_hal_uart.o(i.HAL_UART_TxCpltCallback), (2 bytes).
    Removing stm32f1xx_hal_uart.o(i.HAL_UART_TxHalfCpltCallback), (2 bytes).
    Removing stm32f1xx_hal_uart.o(i.UART_DMAAbortOnError), (16 bytes).
    Removing stm32f1xx_hal_uart.o(i.UART_DMAError), (74 bytes).
    Removing stm32f1xx_hal_uart.o(i.UART_DMAReceiveCplt), (134 bytes).
    Removing stm32f1xx_hal_uart.o(i.UART_DMARxAbortCallback), (44 bytes).
    Removing stm32f1xx_hal_uart.o(i.UART_DMARxHalfCplt), (30 bytes).
    Removing stm32f1xx_hal_uart.o(i.UART_DMARxOnlyAbortCallback), (22 bytes).
    Removing stm32f1xx_hal_uart.o(i.UART_DMATransmitCplt), (66 bytes).
    Removing stm32f1xx_hal_uart.o(i.UART_DMATxAbortCallback), (44 bytes).
    Removing stm32f1xx_hal_uart.o(i.UART_DMATxHalfCplt), (10 bytes).
    Removing stm32f1xx_hal_uart.o(i.UART_DMATxOnlyAbortCallback), (20 bytes).
    Removing stm32f1xx_hal_uart.o(i.UART_EndRxTransfer), (78 bytes).
    Removing stm32f1xx_hal_uart.o(i.UART_EndTxTransfer), (28 bytes).
    Removing stm32f1xx_hal_uart.o(i.UART_Receive_IT), (194 bytes).
    Removing stm32f1xx_hal_uart.o(i.UART_Start_Receive_DMA), (144 bytes).
    Removing stm32f1xx_hal_uart.o(i.UART_Start_Receive_IT), (54 bytes).
    Removing stm32f1xx_hal_uart.o(i.UART_WaitOnFlagUntilTimeout), (120 bytes).
    Removing system_stm32f1xx.o(.rev16_text), (4 bytes).
    Removing system_stm32f1xx.o(.revsh_text), (4 bytes).
    Removing system_stm32f1xx.o(.rrx_text), (6 bytes).
    Removing system_stm32f1xx.o(i.SystemCoreClockUpdate), (104 bytes).
    Removing delay_us.o(.rev16_text), (4 bytes).
    Removing delay_us.o(.revsh_text), (4 bytes).
    Removing delay_us.o(.rrx_text), (6 bytes).
    Removing lcd.o(.rev16_text), (4 bytes).
    Removing lcd.o(.revsh_text), (4 bytes).
    Removing lcd.o(.rrx_text), (6 bytes).
    Removing lcd.o(i.HAL_LCD_SPIv_WriteData), (76 bytes).
    Removing lcd.o(i.HAL_SPI_WriteByte), (34 bytes).
    Removing lcd.o(i.LCD_GPIOInit), (92 bytes).
    Removing lcd.o(.data), (2 bytes).
    Removing lcd.o(.data), (2 bytes).
    Removing show.o(.rev16_text), (4 bytes).
    Removing show.o(.revsh_text), (4 bytes).
    Removing show.o(.rrx_text), (6 bytes).
    Removing show.o(i.GUI_DrawPoint), (18 bytes).
    Removing show.o(i.Gui_Drawbmp16), (84 bytes).
    Removing show.o(i.Gui_StrCenter), (72 bytes).
    Removing show.o(i.LCD_DrawFillRectangle), (20 bytes).
    Removing show.o(i.LCD_Fill), (92 bytes).
    Removing show.o(i.LCD_ShowNum), (136 bytes).
    Removing show.o(i.LCD_ShowNum2412), (212 bytes).
    Removing show.o(i.LCD_ShowString), (96 bytes).
    Removing show.o(i._draw_circle_8), (152 bytes).
    Removing show.o(i.gui_circle), (132 bytes).
    Removing show.o(i.mypow), (16 bytes).

475 unused section(s) (total 34298 bytes) removed from the image.

==============================================================================

Image Symbol Table

    Local Symbols

    Symbol Name                              Value     Ov Type        Size  Object(Section)

    ../Core/Src/gpio.c                       0x00000000   Number         0  gpio.o ABSOLUTE
    ../Core/Src/main.c                       0x00000000   Number         0  main.o ABSOLUTE
    ../Core/Src/spi.c                        0x00000000   Number         0  spi.o ABSOLUTE
    ../Core/Src/stm32f1xx_hal_msp.c          0x00000000   Number         0  stm32f1xx_hal_msp.o ABSOLUTE
    ../Core/Src/stm32f1xx_it.c               0x00000000   Number         0  stm32f1xx_it.o ABSOLUTE
    ../Core/Src/system_stm32f1xx.c           0x00000000   Number         0  system_stm32f1xx.o ABSOLUTE
    ../Core/Src/tim.c                        0x00000000   Number         0  tim.o ABSOLUTE
    ../Core/Src/usart.c                      0x00000000   Number         0  usart.o ABSOLUTE
    ../Drivers/STM32F1xx_HAL_Driver/Src/stm32f1xx_hal.c 0x00000000   Number         0  stm32f1xx_hal.o ABSOLUTE
    ../Drivers/STM32F1xx_HAL_Driver/Src/stm32f1xx_hal_cortex.c 0x00000000   Number         0  stm32f1xx_hal_cortex.o ABSOLUTE
    ../Drivers/STM32F1xx_HAL_Driver/Src/stm32f1xx_hal_dma.c 0x00000000   Number         0  stm32f1xx_hal_dma.o ABSOLUTE
    ../Drivers/STM32F1xx_HAL_Driver/Src/stm32f1xx_hal_exti.c 0x00000000   Number         0  stm32f1xx_hal_exti.o ABSOLUTE
    ../Drivers/STM32F1xx_HAL_Driver/Src/stm32f1xx_hal_flash.c 0x00000000   Number         0  stm32f1xx_hal_flash.o ABSOLUTE
    ../Drivers/STM32F1xx_HAL_Driver/Src/stm32f1xx_hal_flash_ex.c 0x00000000   Number         0  stm32f1xx_hal_flash_ex.o ABSOLUTE
    ../Drivers/STM32F1xx_HAL_Driver/Src/stm32f1xx_hal_gpio.c 0x00000000   Number         0  stm32f1xx_hal_gpio.o ABSOLUTE
    ../Drivers/STM32F1xx_HAL_Driver/Src/stm32f1xx_hal_gpio_ex.c 0x00000000   Number         0  stm32f1xx_hal_gpio_ex.o ABSOLUTE
    ../Drivers/STM32F1xx_HAL_Driver/Src/stm32f1xx_hal_pwr.c 0x00000000   Number         0  stm32f1xx_hal_pwr.o ABSOLUTE
    ../Drivers/STM32F1xx_HAL_Driver/Src/stm32f1xx_hal_rcc.c 0x00000000   Number         0  stm32f1xx_hal_rcc.o ABSOLUTE
    ../Drivers/STM32F1xx_HAL_Driver/Src/stm32f1xx_hal_rcc_ex.c 0x00000000   Number         0  stm32f1xx_hal_rcc_ex.o ABSOLUTE
    ../Drivers/STM32F1xx_HAL_Driver/Src/stm32f1xx_hal_spi.c 0x00000000   Number         0  stm32f1xx_hal_spi.o ABSOLUTE
    ../Drivers/STM32F1xx_HAL_Driver/Src/stm32f1xx_hal_tim.c 0x00000000   Number         0  stm32f1xx_hal_tim.o ABSOLUTE
    ../Drivers/STM32F1xx_HAL_Driver/Src/stm32f1xx_hal_tim_ex.c 0x00000000   Number         0  stm32f1xx_hal_tim_ex.o ABSOLUTE
    ../Drivers/STM32F1xx_HAL_Driver/Src/stm32f1xx_hal_uart.c 0x00000000   Number         0  stm32f1xx_hal_uart.o ABSOLUTE
    ../clib/angel/boardlib.s                 0x00000000   Number         0  boardinit3.o ABSOLUTE
    ../clib/angel/boardlib.s                 0x00000000   Number         0  boardinit2.o ABSOLUTE
    ../clib/angel/boardlib.s                 0x00000000   Number         0  boardinit1.o ABSOLUTE
    ../clib/angel/boardlib.s                 0x00000000   Number         0  boardshut.o ABSOLUTE
    ../clib/angel/handlers.s                 0x00000000   Number         0  __scatter_copy.o ABSOLUTE
    ../clib/angel/handlers.s                 0x00000000   Number         0  __scatter_zi.o ABSOLUTE
    ../clib/angel/kernel.s                   0x00000000   Number         0  rtexit.o ABSOLUTE
    ../clib/angel/kernel.s                   0x00000000   Number         0  __rtentry4.o ABSOLUTE
    ../clib/angel/kernel.s                   0x00000000   Number         0  __rtentry.o ABSOLUTE
    ../clib/angel/kernel.s                   0x00000000   Number         0  rtexit2.o ABSOLUTE
    ../clib/angel/kernel.s                   0x00000000   Number         0  __rtentry2.o ABSOLUTE
    ../clib/angel/rt.s                       0x00000000   Number         0  rt_raise.o ABSOLUTE
    ../clib/angel/scatter.s                  0x00000000   Number         0  __scatter.o ABSOLUTE
    ../clib/angel/startup.s                  0x00000000   Number         0  __main.o ABSOLUTE
    ../clib/angel/sys.s                      0x00000000   Number         0  libspace.o ABSOLUTE
    ../clib/angel/sys.s                      0x00000000   Number         0  indicate_semi.o ABSOLUTE
    ../clib/angel/sys.s                      0x00000000   Number         0  use_no_semi.o ABSOLUTE
    ../clib/angel/sys.s                      0x00000000   Number         0  sys_stackheap_outer.o ABSOLUTE
    ../clib/angel/sysapp.c                   0x00000000   Number         0  sys_command.o ABSOLUTE
    ../clib/angel/sysapp.c                   0x00000000   Number         0  sys_wrch.o ABSOLUTE
    ../clib/angel/sysapp.c                   0x00000000   Number         0  sys_exit.o ABSOLUTE
    ../clib/armsys.c                         0x00000000   Number         0  no_argv.o ABSOLUTE
    ../clib/armsys.c                         0x00000000   Number         0  _get_argv_nomalloc.o ABSOLUTE
    ../clib/armsys.c                         0x00000000   Number         0  argv_veneer.o ABSOLUTE
    ../clib/armsys.c                         0x00000000   Number         0  argv_veneer.o ABSOLUTE
    ../clib/heapalloc.c                      0x00000000   Number         0  hrguard.o ABSOLUTE
    ../clib/heapaux.c                        0x00000000   Number         0  heapauxi.o ABSOLUTE
    ../clib/libinit.s                        0x00000000   Number         0  libshutdown2.o ABSOLUTE
    ../clib/libinit.s                        0x00000000   Number         0  libshutdown.o ABSOLUTE
    ../clib/libinit.s                        0x00000000   Number         0  libinit.o ABSOLUTE
    ../clib/libinit.s                        0x00000000   Number         0  libinit2.o ABSOLUTE
    ../clib/longlong.s                       0x00000000   Number         0  llushr.o ABSOLUTE
    ../clib/memcpset.s                       0x00000000   Number         0  rt_memclr_w.o ABSOLUTE
    ../clib/signal.c                         0x00000000   Number         0  defsig_rtmem_outer.o ABSOLUTE
    ../clib/signal.c                         0x00000000   Number         0  defsig_general.o ABSOLUTE
    ../clib/signal.c                         0x00000000   Number         0  __raise.o ABSOLUTE
    ../clib/signal.c                         0x00000000   Number         0  defsig_rtmem_inner.o ABSOLUTE
    ../clib/signal.c                         0x00000000   Number         0  defsig_cppl_inner.o ABSOLUTE
    ../clib/signal.c                         0x00000000   Number         0  defsig_exit.o ABSOLUTE
    ../clib/signal.c                         0x00000000   Number         0  defsig_rtmem_formal.o ABSOLUTE
    ../clib/signal.c                         0x00000000   Number         0  defsig_other.o ABSOLUTE
    ../clib/signal.c                         0x00000000   Number         0  defsig_segv_inner.o ABSOLUTE
    ../clib/signal.c                         0x00000000   Number         0  defsig_pvfn_inner.o ABSOLUTE
    ../clib/signal.c                         0x00000000   Number         0  defsig_stak_inner.o ABSOLUTE
    ../clib/signal.c                         0x00000000   Number         0  defsig_rtred_inner.o ABSOLUTE
    ../clib/signal.c                         0x00000000   Number         0  defsig_fpe_inner.o ABSOLUTE
    ../clib/signal.c                         0x00000000   Number         0  defsig_abrt_inner.o ABSOLUTE
    ../clib/signal.s                         0x00000000   Number         0  defsig.o ABSOLUTE
    ../clib/stdlib.c                         0x00000000   Number         0  exit.o ABSOLUTE
    ../clib/string.c                         0x00000000   Number         0  strlen.o ABSOLUTE
    ../fplib/fpinit.s                        0x00000000   Number         0  fpinit.o ABSOLUTE
    ..\Bsp\delay_us.c                        0x00000000   Number         0  delay_us.o ABSOLUTE
    ..\Bsp\lcd.c                             0x00000000   Number         0  lcd.o ABSOLUTE
    ..\Bsp\show.c                            0x00000000   Number         0  show.o ABSOLUTE
    ..\Core\Src\gpio.c                       0x00000000   Number         0  gpio.o ABSOLUTE
    ..\Core\Src\main.c                       0x00000000   Number         0  main.o ABSOLUTE
    ..\Core\Src\spi.c                        0x00000000   Number         0  spi.o ABSOLUTE
    ..\Core\Src\stm32f1xx_hal_msp.c          0x00000000   Number         0  stm32f1xx_hal_msp.o ABSOLUTE
    ..\Core\Src\stm32f1xx_it.c               0x00000000   Number         0  stm32f1xx_it.o ABSOLUTE
    ..\Core\Src\system_stm32f1xx.c           0x00000000   Number         0  system_stm32f1xx.o ABSOLUTE
    ..\Core\Src\tim.c                        0x00000000   Number         0  tim.o ABSOLUTE
    ..\Core\Src\usart.c                      0x00000000   Number         0  usart.o ABSOLUTE
    ..\Drivers\STM32F1xx_HAL_Driver\Src\stm32f1xx_hal.c 0x00000000   Number         0  stm32f1xx_hal.o ABSOLUTE
    ..\Drivers\STM32F1xx_HAL_Driver\Src\stm32f1xx_hal_cortex.c 0x00000000   Number         0  stm32f1xx_hal_cortex.o ABSOLUTE
    ..\Drivers\STM32F1xx_HAL_Driver\Src\stm32f1xx_hal_dma.c 0x00000000   Number         0  stm32f1xx_hal_dma.o ABSOLUTE
    ..\Drivers\STM32F1xx_HAL_Driver\Src\stm32f1xx_hal_exti.c 0x00000000   Number         0  stm32f1xx_hal_exti.o ABSOLUTE
    ..\Drivers\STM32F1xx_HAL_Driver\Src\stm32f1xx_hal_flash.c 0x00000000   Number         0  stm32f1xx_hal_flash.o ABSOLUTE
    ..\Drivers\STM32F1xx_HAL_Driver\Src\stm32f1xx_hal_flash_ex.c 0x00000000   Number         0  stm32f1xx_hal_flash_ex.o ABSOLUTE
    ..\Drivers\STM32F1xx_HAL_Driver\Src\stm32f1xx_hal_gpio.c 0x00000000   Number         0  stm32f1xx_hal_gpio.o ABSOLUTE
    ..\Drivers\STM32F1xx_HAL_Driver\Src\stm32f1xx_hal_gpio_ex.c 0x00000000   Number         0  stm32f1xx_hal_gpio_ex.o ABSOLUTE
    ..\Drivers\STM32F1xx_HAL_Driver\Src\stm32f1xx_hal_pwr.c 0x00000000   Number         0  stm32f1xx_hal_pwr.o ABSOLUTE
    ..\Drivers\STM32F1xx_HAL_Driver\Src\stm32f1xx_hal_rcc.c 0x00000000   Number         0  stm32f1xx_hal_rcc.o ABSOLUTE
    ..\Drivers\STM32F1xx_HAL_Driver\Src\stm32f1xx_hal_rcc_ex.c 0x00000000   Number         0  stm32f1xx_hal_rcc_ex.o ABSOLUTE
    ..\Drivers\STM32F1xx_HAL_Driver\Src\stm32f1xx_hal_spi.c 0x00000000   Number         0  stm32f1xx_hal_spi.o ABSOLUTE
    ..\Drivers\STM32F1xx_HAL_Driver\Src\stm32f1xx_hal_tim.c 0x00000000   Number         0  stm32f1xx_hal_tim.o ABSOLUTE
    ..\Drivers\STM32F1xx_HAL_Driver\Src\stm32f1xx_hal_tim_ex.c 0x00000000   Number         0  stm32f1xx_hal_tim_ex.o ABSOLUTE
    ..\Drivers\STM32F1xx_HAL_Driver\Src\stm32f1xx_hal_uart.c 0x00000000   Number         0  stm32f1xx_hal_uart.o ABSOLUTE
    ..\\Bsp\\delay_us.c                      0x00000000   Number         0  delay_us.o ABSOLUTE
    ..\\Bsp\\lcd.c                           0x00000000   Number         0  lcd.o ABSOLUTE
    ..\\Bsp\\show.c                          0x00000000   Number         0  show.o ABSOLUTE
    dc.s                                     0x00000000   Number         0  dc.o ABSOLUTE
    startup_stm32f103xe.s                    0x00000000   Number         0  startup_stm32f103xe.o ABSOLUTE
    RESET                                    0x08000000   Section      304  startup_stm32f103xe.o(RESET)
    !!!main                                  0x08000130   Section        8  __main.o(!!!main)
    !!!scatter                               0x08000138   Section       52  __scatter.o(!!!scatter)
    !!handler_copy                           0x0800016c   Section       26  __scatter_copy.o(!!handler_copy)
    !!handler_zi                             0x08000188   Section       28  __scatter_zi.o(!!handler_zi)
    .ARM.Collect$$libinit$$00000000          0x080001a4   Section        2  libinit.o(.ARM.Collect$$libinit$$00000000)
    .ARM.Collect$$libinit$$00000002          0x080001a6   Section        0  libinit2.o(.ARM.Collect$$libinit$$00000002)
    .ARM.Collect$$libinit$$00000004          0x080001a6   Section        0  libinit2.o(.ARM.Collect$$libinit$$00000004)
    .ARM.Collect$$libinit$$0000000A          0x080001a6   Section        0  libinit2.o(.ARM.Collect$$libinit$$0000000A)
    .ARM.Collect$$libinit$$0000000C          0x080001a6   Section        0  libinit2.o(.ARM.Collect$$libinit$$0000000C)
    .ARM.Collect$$libinit$$0000000E          0x080001a6   Section        0  libinit2.o(.ARM.Collect$$libinit$$0000000E)
    .ARM.Collect$$libinit$$00000011          0x080001a6   Section        0  libinit2.o(.ARM.Collect$$libinit$$00000011)
    .ARM.Collect$$libinit$$00000013          0x080001a6   Section        0  libinit2.o(.ARM.Collect$$libinit$$00000013)
    .ARM.Collect$$libinit$$00000015          0x080001a6   Section        0  libinit2.o(.ARM.Collect$$libinit$$00000015)
    .ARM.Collect$$libinit$$00000017          0x080001a6   Section        0  libinit2.o(.ARM.Collect$$libinit$$00000017)
    .ARM.Collect$$libinit$$00000019          0x080001a6   Section        0  libinit2.o(.ARM.Collect$$libinit$$00000019)
    .ARM.Collect$$libinit$$0000001B          0x080001a6   Section        0  libinit2.o(.ARM.Collect$$libinit$$0000001B)
    .ARM.Collect$$libinit$$0000001D          0x080001a6   Section        0  libinit2.o(.ARM.Collect$$libinit$$0000001D)
    .ARM.Collect$$libinit$$0000001F          0x080001a6   Section        0  libinit2.o(.ARM.Collect$$libinit$$0000001F)
    .ARM.Collect$$libinit$$00000021          0x080001a6   Section        0  libinit2.o(.ARM.Collect$$libinit$$00000021)
    .ARM.Collect$$libinit$$00000023          0x080001a6   Section        0  libinit2.o(.ARM.Collect$$libinit$$00000023)
    .ARM.Collect$$libinit$$00000025          0x080001a6   Section        0  libinit2.o(.ARM.Collect$$libinit$$00000025)
    .ARM.Collect$$libinit$$0000002C          0x080001a6   Section        0  libinit2.o(.ARM.Collect$$libinit$$0000002C)
    .ARM.Collect$$libinit$$0000002E          0x080001a6   Section        0  libinit2.o(.ARM.Collect$$libinit$$0000002E)
    .ARM.Collect$$libinit$$00000030          0x080001a6   Section        0  libinit2.o(.ARM.Collect$$libinit$$00000030)
    .ARM.Collect$$libinit$$00000032          0x080001a6   Section        0  libinit2.o(.ARM.Collect$$libinit$$00000032)
    .ARM.Collect$$libinit$$00000033          0x080001a6   Section        2  libinit2.o(.ARM.Collect$$libinit$$00000033)
    .ARM.Collect$$libshutdown$$00000000      0x080001a8   Section        2  libshutdown.o(.ARM.Collect$$libshutdown$$00000000)
    .ARM.Collect$$libshutdown$$00000002      0x080001aa   Section        0  libshutdown2.o(.ARM.Collect$$libshutdown$$00000002)
    .ARM.Collect$$libshutdown$$00000004      0x080001aa   Section        0  libshutdown2.o(.ARM.Collect$$libshutdown$$00000004)
    .ARM.Collect$$libshutdown$$00000006      0x080001aa   Section        0  libshutdown2.o(.ARM.Collect$$libshutdown$$00000006)
    .ARM.Collect$$libshutdown$$00000009      0x080001aa   Section        0  libshutdown2.o(.ARM.Collect$$libshutdown$$00000009)
    .ARM.Collect$$libshutdown$$0000000C      0x080001aa   Section        0  libshutdown2.o(.ARM.Collect$$libshutdown$$0000000C)
    .ARM.Collect$$libshutdown$$0000000E      0x080001aa   Section        0  libshutdown2.o(.ARM.Collect$$libshutdown$$0000000E)
    .ARM.Collect$$libshutdown$$00000011      0x080001aa   Section        0  libshutdown2.o(.ARM.Collect$$libshutdown$$00000011)
    .ARM.Collect$$libshutdown$$00000012      0x080001aa   Section        2  libshutdown2.o(.ARM.Collect$$libshutdown$$00000012)
    .ARM.Collect$$rtentry$$00000000          0x080001ac   Section        0  __rtentry.o(.ARM.Collect$$rtentry$$00000000)
    .ARM.Collect$$rtentry$$00000002          0x080001ac   Section        0  __rtentry2.o(.ARM.Collect$$rtentry$$00000002)
    .ARM.Collect$$rtentry$$00000004          0x080001ac   Section        6  __rtentry4.o(.ARM.Collect$$rtentry$$00000004)
    .ARM.Collect$$rtentry$$00000009          0x080001b2   Section        0  __rtentry2.o(.ARM.Collect$$rtentry$$00000009)
    .ARM.Collect$$rtentry$$0000000A          0x080001b2   Section        4  __rtentry2.o(.ARM.Collect$$rtentry$$0000000A)
    .ARM.Collect$$rtentry$$0000000C          0x080001b6   Section        0  __rtentry2.o(.ARM.Collect$$rtentry$$0000000C)
    .ARM.Collect$$rtentry$$0000000D          0x080001b6   Section        8  __rtentry2.o(.ARM.Collect$$rtentry$$0000000D)
    .ARM.Collect$$rtexit$$00000000           0x080001be   Section        2  rtexit.o(.ARM.Collect$$rtexit$$00000000)
    .ARM.Collect$$rtexit$$00000002           0x080001c0   Section        0  rtexit2.o(.ARM.Collect$$rtexit$$00000002)
    .ARM.Collect$$rtexit$$00000003           0x080001c0   Section        4  rtexit2.o(.ARM.Collect$$rtexit$$00000003)
    .ARM.Collect$$rtexit$$00000004           0x080001c4   Section        6  rtexit2.o(.ARM.Collect$$rtexit$$00000004)
    .text                                    0x080001cc   Section       64  startup_stm32f103xe.o(.text)
    .text                                    0x0800020c   Section       78  rt_memclr_w.o(.text)
    .text                                    0x0800025a   Section        0  heapauxi.o(.text)
    .text                                    0x08000260   Section       74  sys_stackheap_outer.o(.text)
    .text                                    0x080002aa   Section        0  exit.o(.text)
    .text                                    0x080002bc   Section        8  libspace.o(.text)
    .text                                    0x080002c4   Section        0  sys_exit.o(.text)
    .text                                    0x080002d0   Section        2  use_no_semi.o(.text)
    .text                                    0x080002d2   Section        0  indicate_semi.o(.text)
    i.BusFault_Handler                       0x080002d2   Section        0  stm32f1xx_it.o(i.BusFault_Handler)
    i.DebugMon_Handler                       0x080002d4   Section        0  stm32f1xx_it.o(i.DebugMon_Handler)
    i.EXTI9_5_IRQHandler                     0x080002d6   Section        0  stm32f1xx_it.o(i.EXTI9_5_IRQHandler)
    i.Error_Handler                          0x080002de   Section        0  main.o(i.Error_Handler)
    i.GUI_DrawFont16                         0x080002e4   Section        0  show.o(i.GUI_DrawFont16)
    i.GUI_DrawFont24                         0x080003d0   Section        0  show.o(i.GUI_DrawFont24)
    i.GUI_DrawFont32                         0x080004c0   Section        0  show.o(i.GUI_DrawFont32)
    i.HAL_Delay                              0x080005ac   Section        0  stm32f1xx_hal.o(i.HAL_Delay)
    i.HAL_GPIO_EXTI_Callback                 0x080005d0   Section        0  stm32f1xx_hal_gpio.o(i.HAL_GPIO_EXTI_Callback)
    i.HAL_GPIO_EXTI_IRQHandler               0x080005d4   Section        0  stm32f1xx_hal_gpio.o(i.HAL_GPIO_EXTI_IRQHandler)
    i.HAL_GPIO_Init                          0x080005ec   Section        0  stm32f1xx_hal_gpio.o(i.HAL_GPIO_Init)
    i.HAL_GPIO_WritePin                      0x080007e4   Section        0  stm32f1xx_hal_gpio.o(i.HAL_GPIO_WritePin)
    i.HAL_GetTick                            0x080007f0   Section        0  stm32f1xx_hal.o(i.HAL_GetTick)
    i.HAL_IncTick                            0x080007fc   Section        0  stm32f1xx_hal.o(i.HAL_IncTick)
    i.HAL_Init                               0x0800080c   Section        0  stm32f1xx_hal.o(i.HAL_Init)
    i.HAL_InitTick                           0x08000830   Section        0  stm32f1xx_hal.o(i.HAL_InitTick)
    i.HAL_MspInit                            0x08000870   Section        0  stm32f1xx_hal_msp.o(i.HAL_MspInit)
    i.HAL_NVIC_EnableIRQ                     0x080008ac   Section        0  stm32f1xx_hal_cortex.o(i.HAL_NVIC_EnableIRQ)
    i.HAL_NVIC_SetPriority                   0x080008c8   Section        0  stm32f1xx_hal_cortex.o(i.HAL_NVIC_SetPriority)
    i.HAL_NVIC_SetPriorityGrouping           0x08000908   Section        0  stm32f1xx_hal_cortex.o(i.HAL_NVIC_SetPriorityGrouping)
    i.HAL_RCC_ClockConfig                    0x0800092c   Section        0  stm32f1xx_hal_rcc.o(i.HAL_RCC_ClockConfig)
    i.HAL_RCC_GetPCLK1Freq                   0x08000a58   Section        0  stm32f1xx_hal_rcc.o(i.HAL_RCC_GetPCLK1Freq)
    i.HAL_RCC_GetPCLK2Freq                   0x08000a78   Section        0  stm32f1xx_hal_rcc.o(i.HAL_RCC_GetPCLK2Freq)
    i.HAL_RCC_GetSysClockFreq                0x08000a98   Section        0  stm32f1xx_hal_rcc.o(i.HAL_RCC_GetSysClockFreq)
    i.HAL_RCC_OscConfig                      0x08000ae4   Section        0  stm32f1xx_hal_rcc.o(i.HAL_RCC_OscConfig)
    i.HAL_SPI_Init                           0x08000e04   Section        0  stm32f1xx_hal_spi.o(i.HAL_SPI_Init)
    i.HAL_SPI_MspInit                        0x08000eb8   Section        0  spi.o(i.HAL_SPI_MspInit)
    i.HAL_SPI_Transmit                       0x08000f2c   Section        0  stm32f1xx_hal_spi.o(i.HAL_SPI_Transmit)
    i.HAL_SYSTICK_Config                     0x0800109a   Section        0  stm32f1xx_hal_cortex.o(i.HAL_SYSTICK_Config)
    i.HAL_TIMEx_MasterConfigSynchronization  0x080010c4   Section        0  stm32f1xx_hal_tim_ex.o(i.HAL_TIMEx_MasterConfigSynchronization)
    i.HAL_TIM_Base_Init                      0x08001140   Section        0  stm32f1xx_hal_tim.o(i.HAL_TIM_Base_Init)
    i.HAL_TIM_Base_MspInit                   0x0800119c   Section        0  tim.o(i.HAL_TIM_Base_MspInit)
    i.HAL_TIM_Base_Start                     0x080011d8   Section        0  stm32f1xx_hal_tim.o(i.HAL_TIM_Base_Start)
    i.HAL_TIM_ConfigClockSource              0x0800123c   Section        0  stm32f1xx_hal_tim.o(i.HAL_TIM_ConfigClockSource)
    i.HAL_UART_Init                          0x08001318   Section        0  stm32f1xx_hal_uart.o(i.HAL_UART_Init)
    i.HAL_UART_MspInit                       0x0800137c   Section        0  usart.o(i.HAL_UART_MspInit)
    i.HardFault_Handler                      0x080013ec   Section        0  stm32f1xx_it.o(i.HardFault_Handler)
    i.LCD_Clear                              0x080013f0   Section        0  lcd.o(i.LCD_Clear)
    i.LCD_DrawLine                           0x08001434   Section        0  show.o(i.LCD_DrawLine)
    i.LCD_DrawPoint                          0x080014d0   Section        0  lcd.o(i.LCD_DrawPoint)
    i.LCD_DrawRectangle                      0x080014e8   Section        0  show.o(i.LCD_DrawRectangle)
    i.LCD_Init                               0x08001522   Section        0  lcd.o(i.LCD_Init)
    i.LCD_RESET                              0x08001746   Section        0  lcd.o(i.LCD_RESET)
    i.LCD_SetCursor                          0x08001758   Section        0  lcd.o(i.LCD_SetCursor)
    i.LCD_SetParam                           0x08001760   Section        0  lcd.o(i.LCD_SetParam)
    i.LCD_SetWindows                         0x08001784   Section        0  lcd.o(i.LCD_SetWindows)
    i.LCD_ShowChar                           0x080017e8   Section        0  show.o(i.LCD_ShowChar)
    i.LCD_WR_DATA                            0x080018ec   Section        0  lcd.o(i.LCD_WR_DATA)
    i.LCD_WR_DATA_16Bit                      0x08001920   Section        0  lcd.o(i.LCD_WR_DATA_16Bit)
    i.LCD_WR_REG                             0x0800195c   Section        0  lcd.o(i.LCD_WR_REG)
    i.LCD_WriteRAM_Prepare                   0x08001990   Section        0  lcd.o(i.LCD_WriteRAM_Prepare)
    i.LCD_WriteReg                           0x0800199c   Section        0  lcd.o(i.LCD_WriteReg)
    i.MX_GPIO_Init                           0x080019b0   Section        0  gpio.o(i.MX_GPIO_Init)
    i.MX_SPI2_Init                           0x08001a80   Section        0  spi.o(i.MX_SPI2_Init)
    i.MX_TIM2_Init                           0x08001ac4   Section        0  tim.o(i.MX_TIM2_Init)
    i.MX_TIM6_Init                           0x08001b28   Section        0  tim.o(i.MX_TIM6_Init)
    i.MX_USART1_UART_Init                    0x08001b6c   Section        0  usart.o(i.MX_USART1_UART_Init)
    i.MemManage_Handler                      0x08001ba4   Section        0  stm32f1xx_it.o(i.MemManage_Handler)
    i.NMI_Handler                            0x08001ba6   Section        0  stm32f1xx_it.o(i.NMI_Handler)
    i.PendSV_Handler                         0x08001ba8   Section        0  stm32f1xx_it.o(i.PendSV_Handler)
    i.SPI_EndRxTxTransaction                 0x08001baa   Section        0  stm32f1xx_hal_spi.o(i.SPI_EndRxTxTransaction)
    SPI_EndRxTxTransaction                   0x08001bab   Thumb Code    32  stm32f1xx_hal_spi.o(i.SPI_EndRxTxTransaction)
    i.SPI_WaitFlagStateUntilTimeout          0x08001bcc   Section        0  stm32f1xx_hal_spi.o(i.SPI_WaitFlagStateUntilTimeout)
    SPI_WaitFlagStateUntilTimeout            0x08001bcd   Thumb Code   180  stm32f1xx_hal_spi.o(i.SPI_WaitFlagStateUntilTimeout)
    i.SVC_Handler                            0x08001c84   Section        0  stm32f1xx_it.o(i.SVC_Handler)
    i.Show_Str                               0x08001c88   Section        0  show.o(i.Show_Str)
    i.SysTick_Handler                        0x08001d5c   Section        0  stm32f1xx_it.o(i.SysTick_Handler)
    i.SystemClock_Config                     0x08001d60   Section        0  main.o(i.SystemClock_Config)
    i.SystemInit                             0x08001dbe   Section        0  system_stm32f1xx.o(i.SystemInit)
    i.TIM_Base_SetConfig                     0x08001dc0   Section        0  stm32f1xx_hal_tim.o(i.TIM_Base_SetConfig)
    i.TIM_ETR_SetConfig                      0x08001e4c   Section        0  stm32f1xx_hal_tim.o(i.TIM_ETR_SetConfig)
    i.TIM_ITRx_SetConfig                     0x08001e60   Section        0  stm32f1xx_hal_tim.o(i.TIM_ITRx_SetConfig)
    TIM_ITRx_SetConfig                       0x08001e61   Thumb Code    16  stm32f1xx_hal_tim.o(i.TIM_ITRx_SetConfig)
    i.TIM_TI1_ConfigInputStage               0x08001e70   Section        0  stm32f1xx_hal_tim.o(i.TIM_TI1_ConfigInputStage)
    TIM_TI1_ConfigInputStage                 0x08001e71   Thumb Code    34  stm32f1xx_hal_tim.o(i.TIM_TI1_ConfigInputStage)
    i.TIM_TI2_ConfigInputStage               0x08001e92   Section        0  stm32f1xx_hal_tim.o(i.TIM_TI2_ConfigInputStage)
    TIM_TI2_ConfigInputStage                 0x08001e93   Thumb Code    36  stm32f1xx_hal_tim.o(i.TIM_TI2_ConfigInputStage)
    i.UART_SetConfig                         0x08001eb8   Section        0  stm32f1xx_hal_uart.o(i.UART_SetConfig)
    UART_SetConfig                           0x08001eb9   Thumb Code   178  stm32f1xx_hal_uart.o(i.UART_SetConfig)
    i.UsageFault_Handler                     0x08001f70   Section        0  stm32f1xx_it.o(i.UsageFault_Handler)
    i.__NVIC_SetPriority                     0x08001f72   Section        0  stm32f1xx_hal_cortex.o(i.__NVIC_SetPriority)
    __NVIC_SetPriority                       0x08001f73   Thumb Code    32  stm32f1xx_hal_cortex.o(i.__NVIC_SetPriority)
    i.delay_us                               0x08001f94   Section        0  delay_us.o(i.delay_us)
    i.main                                   0x08001fd0   Section        0  main.o(i.main)
    .constdata                               0x08002040   Section       18  stm32f1xx_hal_rcc.o(.constdata)
    aPredivFactorTable                       0x08002040   Data           2  stm32f1xx_hal_rcc.o(.constdata)
    aPLLMULFactorTable                       0x08002042   Data          16  stm32f1xx_hal_rcc.o(.constdata)
    .constdata                               0x08002052   Section       16  system_stm32f1xx.o(.constdata)
    .constdata                               0x08002062   Section        8  system_stm32f1xx.o(.constdata)
    .constdata                               0x0800206a   Section     4350  show.o(.constdata)
    .data                                    0x20000000   Section       12  stm32f1xx_hal.o(.data)
    .data                                    0x2000000c   Section        4  system_stm32f1xx.o(.data)
    .data                                    0x20000010   Section        2  lcd.o(.data)
    .bss                                     0x20000014   Section       88  spi.o(.bss)
    .bss                                     0x2000006c   Section      144  tim.o(.bss)
    .bss                                     0x200000fc   Section       72  usart.o(.bss)
    .bss                                     0x20000144   Section       14  lcd.o(.bss)
    .bss                                     0x20000154   Section       96  libspace.o(.bss)
    HEAP                                     0x200001b8   Section      512  startup_stm32f103xe.o(HEAP)
    Heap_Mem                                 0x200001b8   Data         512  startup_stm32f103xe.o(HEAP)
    STACK                                    0x200003b8   Section     1024  startup_stm32f103xe.o(STACK)
    Stack_Mem                                0x200003b8   Data        1024  startup_stm32f103xe.o(STACK)
    __initial_sp                             0x200007b8   Data           0  startup_stm32f103xe.o(STACK)

    Global Symbols

    Symbol Name                              Value     Ov Type        Size  Object(Section)

    BuildAttributes$$THM_ISAv4$P$D$K$B$S$PE$A:L22UL41UL21$X:L11$S22US41US21$IEEE1$IW$USESV6$~STKCKD$USESV7$~SHL$OSPACE$ROPI$EBA8$UX$STANDARDLIB$REQ8$PRES8$EABIv2 0x00000000   Number         0  anon$$obj.o ABSOLUTE
    __ARM_use_no_argv                        0x00000000   Number         0  main.o ABSOLUTE
    __ARM_exceptions_init                     - Undefined Weak Reference
    __alloca_initialize                       - Undefined Weak Reference
    __arm_fini_                               - Undefined Weak Reference
    __arm_preinit_                            - Undefined Weak Reference
    __cpp_initialize__aeabi_                  - Undefined Weak Reference
    __cxa_finalize                            - Undefined Weak Reference
    __rt_locale                               - Undefined Weak Reference
    __sigvec_lookup                           - Undefined Weak Reference
    _atexit_init                              - Undefined Weak Reference
    _call_atexit_fns                          - Undefined Weak Reference
    _clock_init                               - Undefined Weak Reference
    _fp_trap_init                             - Undefined Weak Reference
    _fp_trap_shutdown                         - Undefined Weak Reference
    _get_lc_collate                           - Undefined Weak Reference
    _get_lc_ctype                             - Undefined Weak Reference
    _get_lc_monetary                          - Undefined Weak Reference
    _get_lc_numeric                           - Undefined Weak Reference
    _get_lc_time                              - Undefined Weak Reference
    _getenv_init                              - Undefined Weak Reference
    _handle_redirection                       - Undefined Weak Reference
    _init_alloc                               - Undefined Weak Reference
    _init_user_alloc                          - Undefined Weak Reference
    _initio                                   - Undefined Weak Reference
    _rand_init                                - Undefined Weak Reference
    _signal_finish                            - Undefined Weak Reference
    _signal_init                              - Undefined Weak Reference
    _terminate_alloc                          - Undefined Weak Reference
    _terminate_user_alloc                     - Undefined Weak Reference
    _terminateio                              - Undefined Weak Reference
    __Vectors_Size                           0x00000130   Number         0  startup_stm32f103xe.o ABSOLUTE
    __Vectors                                0x08000000   Data           4  startup_stm32f103xe.o(RESET)
    __Vectors_End                            0x08000130   Data           0  startup_stm32f103xe.o(RESET)
    __main                                   0x08000131   Thumb Code     8  __main.o(!!!main)
    __scatterload                            0x08000139   Thumb Code     0  __scatter.o(!!!scatter)
    __scatterload_rt2                        0x08000139   Thumb Code    44  __scatter.o(!!!scatter)
    __scatterload_rt2_thumb_only             0x08000139   Thumb Code     0  __scatter.o(!!!scatter)
    __scatterload_null                       0x08000147   Thumb Code     0  __scatter.o(!!!scatter)
    __scatterload_copy                       0x0800016d   Thumb Code    26  __scatter_copy.o(!!handler_copy)
    __scatterload_zeroinit                   0x08000189   Thumb Code    28  __scatter_zi.o(!!handler_zi)
    __rt_lib_init                            0x080001a5   Thumb Code     0  libinit.o(.ARM.Collect$$libinit$$00000000)
    __rt_lib_init_alloca_1                   0x080001a7   Thumb Code     0  libinit2.o(.ARM.Collect$$libinit$$0000002E)
    __rt_lib_init_argv_1                     0x080001a7   Thumb Code     0  libinit2.o(.ARM.Collect$$libinit$$0000002C)
    __rt_lib_init_atexit_1                   0x080001a7   Thumb Code     0  libinit2.o(.ARM.Collect$$libinit$$0000001B)
    __rt_lib_init_clock_1                    0x080001a7   Thumb Code     0  libinit2.o(.ARM.Collect$$libinit$$00000021)
    __rt_lib_init_cpp_1                      0x080001a7   Thumb Code     0  libinit2.o(.ARM.Collect$$libinit$$00000032)
    __rt_lib_init_exceptions_1               0x080001a7   Thumb Code     0  libinit2.o(.ARM.Collect$$libinit$$00000030)
    __rt_lib_init_fp_1                       0x080001a7   Thumb Code     0  libinit2.o(.ARM.Collect$$libinit$$00000002)
    __rt_lib_init_fp_trap_1                  0x080001a7   Thumb Code     0  libinit2.o(.ARM.Collect$$libinit$$0000001F)
    __rt_lib_init_getenv_1                   0x080001a7   Thumb Code     0  libinit2.o(.ARM.Collect$$libinit$$00000023)
    __rt_lib_init_heap_1                     0x080001a7   Thumb Code     0  libinit2.o(.ARM.Collect$$libinit$$0000000A)
    __rt_lib_init_lc_collate_1               0x080001a7   Thumb Code     0  libinit2.o(.ARM.Collect$$libinit$$00000011)
    __rt_lib_init_lc_ctype_1                 0x080001a7   Thumb Code     0  libinit2.o(.ARM.Collect$$libinit$$00000013)
    __rt_lib_init_lc_monetary_1              0x080001a7   Thumb Code     0  libinit2.o(.ARM.Collect$$libinit$$00000015)
    __rt_lib_init_lc_numeric_1               0x080001a7   Thumb Code     0  libinit2.o(.ARM.Collect$$libinit$$00000017)
    __rt_lib_init_lc_time_1                  0x080001a7   Thumb Code     0  libinit2.o(.ARM.Collect$$libinit$$00000019)
    __rt_lib_init_preinit_1                  0x080001a7   Thumb Code     0  libinit2.o(.ARM.Collect$$libinit$$00000004)
    __rt_lib_init_rand_1                     0x080001a7   Thumb Code     0  libinit2.o(.ARM.Collect$$libinit$$0000000E)
    __rt_lib_init_return                     0x080001a7   Thumb Code     0  libinit2.o(.ARM.Collect$$libinit$$00000033)
    __rt_lib_init_signal_1                   0x080001a7   Thumb Code     0  libinit2.o(.ARM.Collect$$libinit$$0000001D)
    __rt_lib_init_stdio_1                    0x080001a7   Thumb Code     0  libinit2.o(.ARM.Collect$$libinit$$00000025)
    __rt_lib_init_user_alloc_1               0x080001a7   Thumb Code     0  libinit2.o(.ARM.Collect$$libinit$$0000000C)
    __rt_lib_shutdown                        0x080001a9   Thumb Code     0  libshutdown.o(.ARM.Collect$$libshutdown$$00000000)
    __rt_lib_shutdown_cpp_1                  0x080001ab   Thumb Code     0  libshutdown2.o(.ARM.Collect$$libshutdown$$00000004)
    __rt_lib_shutdown_fini_1                 0x080001ab   Thumb Code     0  libshutdown2.o(.ARM.Collect$$libshutdown$$00000002)
    __rt_lib_shutdown_fp_trap_1              0x080001ab   Thumb Code     0  libshutdown2.o(.ARM.Collect$$libshutdown$$00000009)
    __rt_lib_shutdown_heap_1                 0x080001ab   Thumb Code     0  libshutdown2.o(.ARM.Collect$$libshutdown$$00000011)
    __rt_lib_shutdown_return                 0x080001ab   Thumb Code     0  libshutdown2.o(.ARM.Collect$$libshutdown$$00000012)
    __rt_lib_shutdown_signal_1               0x080001ab   Thumb Code     0  libshutdown2.o(.ARM.Collect$$libshutdown$$0000000C)
    __rt_lib_shutdown_stdio_1                0x080001ab   Thumb Code     0  libshutdown2.o(.ARM.Collect$$libshutdown$$00000006)
    __rt_lib_shutdown_user_alloc_1           0x080001ab   Thumb Code     0  libshutdown2.o(.ARM.Collect$$libshutdown$$0000000E)
    __rt_entry                               0x080001ad   Thumb Code     0  __rtentry.o(.ARM.Collect$$rtentry$$00000000)
    __rt_entry_presh_1                       0x080001ad   Thumb Code     0  __rtentry2.o(.ARM.Collect$$rtentry$$00000002)
    __rt_entry_sh                            0x080001ad   Thumb Code     0  __rtentry4.o(.ARM.Collect$$rtentry$$00000004)
    __rt_entry_li                            0x080001b3   Thumb Code     0  __rtentry2.o(.ARM.Collect$$rtentry$$0000000A)
    __rt_entry_postsh_1                      0x080001b3   Thumb Code     0  __rtentry2.o(.ARM.Collect$$rtentry$$00000009)
    __rt_entry_main                          0x080001b7   Thumb Code     0  __rtentry2.o(.ARM.Collect$$rtentry$$0000000D)
    __rt_entry_postli_1                      0x080001b7   Thumb Code     0  __rtentry2.o(.ARM.Collect$$rtentry$$0000000C)
    __rt_exit                                0x080001bf   Thumb Code     0  rtexit.o(.ARM.Collect$$rtexit$$00000000)
    __rt_exit_ls                             0x080001c1   Thumb Code     0  rtexit2.o(.ARM.Collect$$rtexit$$00000003)
    __rt_exit_prels_1                        0x080001c1   Thumb Code     0  rtexit2.o(.ARM.Collect$$rtexit$$00000002)
    __rt_exit_exit                           0x080001c5   Thumb Code     0  rtexit2.o(.ARM.Collect$$rtexit$$00000004)
    Reset_Handler                            0x080001cd   Thumb Code     8  startup_stm32f103xe.o(.text)
    ADC1_2_IRQHandler                        0x080001e7   Thumb Code     0  startup_stm32f103xe.o(.text)
    ADC3_IRQHandler                          0x080001e7   Thumb Code     0  startup_stm32f103xe.o(.text)
    CAN1_RX1_IRQHandler                      0x080001e7   Thumb Code     0  startup_stm32f103xe.o(.text)
    CAN1_SCE_IRQHandler                      0x080001e7   Thumb Code     0  startup_stm32f103xe.o(.text)
    DMA1_Channel1_IRQHandler                 0x080001e7   Thumb Code     0  startup_stm32f103xe.o(.text)
    DMA1_Channel2_IRQHandler                 0x080001e7   Thumb Code     0  startup_stm32f103xe.o(.text)
    DMA1_Channel3_IRQHandler                 0x080001e7   Thumb Code     0  startup_stm32f103xe.o(.text)
    DMA1_Channel4_IRQHandler                 0x080001e7   Thumb Code     0  startup_stm32f103xe.o(.text)
    DMA1_Channel5_IRQHandler                 0x080001e7   Thumb Code     0  startup_stm32f103xe.o(.text)
    DMA1_Channel6_IRQHandler                 0x080001e7   Thumb Code     0  startup_stm32f103xe.o(.text)
    DMA1_Channel7_IRQHandler                 0x080001e7   Thumb Code     0  startup_stm32f103xe.o(.text)
    DMA2_Channel1_IRQHandler                 0x080001e7   Thumb Code     0  startup_stm32f103xe.o(.text)
    DMA2_Channel2_IRQHandler                 0x080001e7   Thumb Code     0  startup_stm32f103xe.o(.text)
    DMA2_Channel3_IRQHandler                 0x080001e7   Thumb Code     0  startup_stm32f103xe.o(.text)
    DMA2_Channel4_5_IRQHandler               0x080001e7   Thumb Code     0  startup_stm32f103xe.o(.text)
    EXTI0_IRQHandler                         0x080001e7   Thumb Code     0  startup_stm32f103xe.o(.text)
    EXTI15_10_IRQHandler                     0x080001e7   Thumb Code     0  startup_stm32f103xe.o(.text)
    EXTI1_IRQHandler                         0x080001e7   Thumb Code     0  startup_stm32f103xe.o(.text)
    EXTI2_IRQHandler                         0x080001e7   Thumb Code     0  startup_stm32f103xe.o(.text)
    EXTI3_IRQHandler                         0x080001e7   Thumb Code     0  startup_stm32f103xe.o(.text)
    EXTI4_IRQHandler                         0x080001e7   Thumb Code     0  startup_stm32f103xe.o(.text)
    FLASH_IRQHandler                         0x080001e7   Thumb Code     0  startup_stm32f103xe.o(.text)
    FSMC_IRQHandler                          0x080001e7   Thumb Code     0  startup_stm32f103xe.o(.text)
    I2C1_ER_IRQHandler                       0x080001e7   Thumb Code     0  startup_stm32f103xe.o(.text)
    I2C1_EV_IRQHandler                       0x080001e7   Thumb Code     0  startup_stm32f103xe.o(.text)
    I2C2_ER_IRQHandler                       0x080001e7   Thumb Code     0  startup_stm32f103xe.o(.text)
    I2C2_EV_IRQHandler                       0x080001e7   Thumb Code     0  startup_stm32f103xe.o(.text)
    PVD_IRQHandler                           0x080001e7   Thumb Code     0  startup_stm32f103xe.o(.text)
    RCC_IRQHandler                           0x080001e7   Thumb Code     0  startup_stm32f103xe.o(.text)
    RTC_Alarm_IRQHandler                     0x080001e7   Thumb Code     0  startup_stm32f103xe.o(.text)
    RTC_IRQHandler                           0x080001e7   Thumb Code     0  startup_stm32f103xe.o(.text)
    SDIO_IRQHandler                          0x080001e7   Thumb Code     0  startup_stm32f103xe.o(.text)
    SPI1_IRQHandler                          0x080001e7   Thumb Code     0  startup_stm32f103xe.o(.text)
    SPI2_IRQHandler                          0x080001e7   Thumb Code     0  startup_stm32f103xe.o(.text)
    SPI3_IRQHandler                          0x080001e7   Thumb Code     0  startup_stm32f103xe.o(.text)
    TAMPER_IRQHandler                        0x080001e7   Thumb Code     0  startup_stm32f103xe.o(.text)
    TIM1_BRK_IRQHandler                      0x080001e7   Thumb Code     0  startup_stm32f103xe.o(.text)
    TIM1_CC_IRQHandler                       0x080001e7   Thumb Code     0  startup_stm32f103xe.o(.text)
    TIM1_TRG_COM_IRQHandler                  0x080001e7   Thumb Code     0  startup_stm32f103xe.o(.text)
    TIM1_UP_IRQHandler                       0x080001e7   Thumb Code     0  startup_stm32f103xe.o(.text)
    TIM2_IRQHandler                          0x080001e7   Thumb Code     0  startup_stm32f103xe.o(.text)
    TIM3_IRQHandler                          0x080001e7   Thumb Code     0  startup_stm32f103xe.o(.text)
    TIM4_IRQHandler                          0x080001e7   Thumb Code     0  startup_stm32f103xe.o(.text)
    TIM5_IRQHandler                          0x080001e7   Thumb Code     0  startup_stm32f103xe.o(.text)
    TIM6_IRQHandler                          0x080001e7   Thumb Code     0  startup_stm32f103xe.o(.text)
    TIM7_IRQHandler                          0x080001e7   Thumb Code     0  startup_stm32f103xe.o(.text)
    TIM8_BRK_IRQHandler                      0x080001e7   Thumb Code     0  startup_stm32f103xe.o(.text)
    TIM8_CC_IRQHandler                       0x080001e7   Thumb Code     0  startup_stm32f103xe.o(.text)
    TIM8_TRG_COM_IRQHandler                  0x080001e7   Thumb Code     0  startup_stm32f103xe.o(.text)
    TIM8_UP_IRQHandler                       0x080001e7   Thumb Code     0  startup_stm32f103xe.o(.text)
    UART4_IRQHandler                         0x080001e7   Thumb Code     0  startup_stm32f103xe.o(.text)
    UART5_IRQHandler                         0x080001e7   Thumb Code     0  startup_stm32f103xe.o(.text)
    USART1_IRQHandler                        0x080001e7   Thumb Code     0  startup_stm32f103xe.o(.text)
    USART2_IRQHandler                        0x080001e7   Thumb Code     0  startup_stm32f103xe.o(.text)
    USART3_IRQHandler                        0x080001e7   Thumb Code     0  startup_stm32f103xe.o(.text)
    USBWakeUp_IRQHandler                     0x080001e7   Thumb Code     0  startup_stm32f103xe.o(.text)
    USB_HP_CAN1_TX_IRQHandler                0x080001e7   Thumb Code     0  startup_stm32f103xe.o(.text)
    USB_LP_CAN1_RX0_IRQHandler               0x080001e7   Thumb Code     0  startup_stm32f103xe.o(.text)
    WWDG_IRQHandler                          0x080001e7   Thumb Code     0  startup_stm32f103xe.o(.text)
    __user_initial_stackheap                 0x080001e9   Thumb Code     0  startup_stm32f103xe.o(.text)
    __aeabi_memclr4                          0x0800020d   Thumb Code     0  rt_memclr_w.o(.text)
    __aeabi_memclr8                          0x0800020d   Thumb Code     0  rt_memclr_w.o(.text)
    __rt_memclr_w                            0x0800020d   Thumb Code    78  rt_memclr_w.o(.text)
    _memset_w                                0x08000211   Thumb Code     0  rt_memclr_w.o(.text)
    __use_two_region_memory                  0x0800025b   Thumb Code     2  heapauxi.o(.text)
    __rt_heap_escrow$2region                 0x0800025d   Thumb Code     2  heapauxi.o(.text)
    __rt_heap_expand$2region                 0x0800025f   Thumb Code     2  heapauxi.o(.text)
    __user_setup_stackheap                   0x08000261   Thumb Code    74  sys_stackheap_outer.o(.text)
    exit                                     0x080002ab   Thumb Code    18  exit.o(.text)
    __user_libspace                          0x080002bd   Thumb Code     8  libspace.o(.text)
    __user_perproc_libspace                  0x080002bd   Thumb Code     0  libspace.o(.text)
    __user_perthread_libspace                0x080002bd   Thumb Code     0  libspace.o(.text)
    _sys_exit                                0x080002c5   Thumb Code     8  sys_exit.o(.text)
    __I$use$semihosting                      0x080002d1   Thumb Code     0  use_no_semi.o(.text)
    __use_no_semihosting_swi                 0x080002d1   Thumb Code     2  use_no_semi.o(.text)
    BusFault_Handler                         0x080002d3   Thumb Code     2  stm32f1xx_it.o(i.BusFault_Handler)
    __semihosting_library_function           0x080002d3   Thumb Code     0  indicate_semi.o(.text)
    DebugMon_Handler                         0x080002d5   Thumb Code     2  stm32f1xx_it.o(i.DebugMon_Handler)
    EXTI9_5_IRQHandler                       0x080002d7   Thumb Code     8  stm32f1xx_it.o(i.EXTI9_5_IRQHandler)
    Error_Handler                            0x080002df   Thumb Code     4  main.o(i.Error_Handler)
    GUI_DrawFont16                           0x080002e5   Thumb Code   222  show.o(i.GUI_DrawFont16)
    GUI_DrawFont24                           0x080003d1   Thumb Code   226  show.o(i.GUI_DrawFont24)
    GUI_DrawFont32                           0x080004c1   Thumb Code   222  show.o(i.GUI_DrawFont32)
    HAL_Delay                                0x080005ad   Thumb Code    32  stm32f1xx_hal.o(i.HAL_Delay)
    HAL_GPIO_EXTI_Callback                   0x080005d1   Thumb Code     2  stm32f1xx_hal_gpio.o(i.HAL_GPIO_EXTI_Callback)
    HAL_GPIO_EXTI_IRQHandler                 0x080005d5   Thumb Code    18  stm32f1xx_hal_gpio.o(i.HAL_GPIO_EXTI_IRQHandler)
    HAL_GPIO_Init                            0x080005ed   Thumb Code   462  stm32f1xx_hal_gpio.o(i.HAL_GPIO_Init)
    HAL_GPIO_WritePin                        0x080007e5   Thumb Code    10  stm32f1xx_hal_gpio.o(i.HAL_GPIO_WritePin)
    HAL_GetTick                              0x080007f1   Thumb Code     6  stm32f1xx_hal.o(i.HAL_GetTick)
    HAL_IncTick                              0x080007fd   Thumb Code    12  stm32f1xx_hal.o(i.HAL_IncTick)
    HAL_Init                                 0x0800080d   Thumb Code    32  stm32f1xx_hal.o(i.HAL_Init)
    HAL_InitTick                             0x08000831   Thumb Code    54  stm32f1xx_hal.o(i.HAL_InitTick)
    HAL_MspInit                              0x08000871   Thumb Code    52  stm32f1xx_hal_msp.o(i.HAL_MspInit)
    HAL_NVIC_EnableIRQ                       0x080008ad   Thumb Code    26  stm32f1xx_hal_cortex.o(i.HAL_NVIC_EnableIRQ)
    HAL_NVIC_SetPriority                     0x080008c9   Thumb Code    60  stm32f1xx_hal_cortex.o(i.HAL_NVIC_SetPriority)
    HAL_NVIC_SetPriorityGrouping             0x08000909   Thumb Code    26  stm32f1xx_hal_cortex.o(i.HAL_NVIC_SetPriorityGrouping)
    HAL_RCC_ClockConfig                      0x0800092d   Thumb Code   280  stm32f1xx_hal_rcc.o(i.HAL_RCC_ClockConfig)
    HAL_RCC_GetPCLK1Freq                     0x08000a59   Thumb Code    20  stm32f1xx_hal_rcc.o(i.HAL_RCC_GetPCLK1Freq)
    HAL_RCC_GetPCLK2Freq                     0x08000a79   Thumb Code    20  stm32f1xx_hal_rcc.o(i.HAL_RCC_GetPCLK2Freq)
    HAL_RCC_GetSysClockFreq                  0x08000a99   Thumb Code    58  stm32f1xx_hal_rcc.o(i.HAL_RCC_GetSysClockFreq)
    HAL_RCC_OscConfig                        0x08000ae5   Thumb Code   778  stm32f1xx_hal_rcc.o(i.HAL_RCC_OscConfig)
    HAL_SPI_Init                             0x08000e05   Thumb Code   178  stm32f1xx_hal_spi.o(i.HAL_SPI_Init)
    HAL_SPI_MspInit                          0x08000eb9   Thumb Code   102  spi.o(i.HAL_SPI_MspInit)
    HAL_SPI_Transmit                         0x08000f2d   Thumb Code   366  stm32f1xx_hal_spi.o(i.HAL_SPI_Transmit)
    HAL_SYSTICK_Config                       0x0800109b   Thumb Code    40  stm32f1xx_hal_cortex.o(i.HAL_SYSTICK_Config)
    HAL_TIMEx_MasterConfigSynchronization    0x080010c5   Thumb Code   104  stm32f1xx_hal_tim_ex.o(i.HAL_TIMEx_MasterConfigSynchronization)
    HAL_TIM_Base_Init                        0x08001141   Thumb Code    90  stm32f1xx_hal_tim.o(i.HAL_TIM_Base_Init)
    HAL_TIM_Base_MspInit                     0x0800119d   Thumb Code    52  tim.o(i.HAL_TIM_Base_MspInit)
    HAL_TIM_Base_Start                       0x080011d9   Thumb Code    78  stm32f1xx_hal_tim.o(i.HAL_TIM_Base_Start)
    HAL_TIM_ConfigClockSource                0x0800123d   Thumb Code   220  stm32f1xx_hal_tim.o(i.HAL_TIM_ConfigClockSource)
    HAL_UART_Init                            0x08001319   Thumb Code   100  stm32f1xx_hal_uart.o(i.HAL_UART_Init)
    HAL_UART_MspInit                         0x0800137d   Thumb Code   100  usart.o(i.HAL_UART_MspInit)
    HardFault_Handler                        0x080013ed   Thumb Code     2  stm32f1xx_it.o(i.HardFault_Handler)
    LCD_Clear                                0x080013f1   Thumb Code    62  lcd.o(i.LCD_Clear)
    LCD_DrawLine                             0x08001435   Thumb Code   154  show.o(i.LCD_DrawLine)
    LCD_DrawPoint                            0x080014d1   Thumb Code    18  lcd.o(i.LCD_DrawPoint)
    LCD_DrawRectangle                        0x080014e9   Thumb Code    58  show.o(i.LCD_DrawRectangle)
    LCD_Init                                 0x08001523   Thumb Code   548  lcd.o(i.LCD_Init)
    LCD_RESET                                0x08001747   Thumb Code    18  lcd.o(i.LCD_RESET)
    LCD_SetCursor                            0x08001759   Thumb Code     8  lcd.o(i.LCD_SetCursor)
    LCD_SetParam                             0x08001761   Thumb Code    32  lcd.o(i.LCD_SetParam)
    LCD_SetWindows                           0x08001785   Thumb Code    96  lcd.o(i.LCD_SetWindows)
    LCD_ShowChar                             0x080017e9   Thumb Code   244  show.o(i.LCD_ShowChar)
    LCD_WR_DATA                              0x080018ed   Thumb Code    38  lcd.o(i.LCD_WR_DATA)
    LCD_WR_DATA_16Bit                        0x08001921   Thumb Code    48  lcd.o(i.LCD_WR_DATA_16Bit)
    LCD_WR_REG                               0x0800195d   Thumb Code    38  lcd.o(i.LCD_WR_REG)
    LCD_WriteRAM_Prepare                     0x08001991   Thumb Code     8  lcd.o(i.LCD_WriteRAM_Prepare)
    LCD_WriteReg                             0x0800199d   Thumb Code    18  lcd.o(i.LCD_WriteReg)
    MX_GPIO_Init                             0x080019b1   Thumb Code   190  gpio.o(i.MX_GPIO_Init)
    MX_SPI2_Init                             0x08001a81   Thumb Code    60  spi.o(i.MX_SPI2_Init)
    MX_TIM2_Init                             0x08001ac5   Thumb Code    96  tim.o(i.MX_TIM2_Init)
    MX_TIM6_Init                             0x08001b29   Thumb Code    60  tim.o(i.MX_TIM6_Init)
    MX_USART1_UART_Init                      0x08001b6d   Thumb Code    48  usart.o(i.MX_USART1_UART_Init)
    MemManage_Handler                        0x08001ba5   Thumb Code     2  stm32f1xx_it.o(i.MemManage_Handler)
    NMI_Handler                              0x08001ba7   Thumb Code     2  stm32f1xx_it.o(i.NMI_Handler)
    PendSV_Handler                           0x08001ba9   Thumb Code     2  stm32f1xx_it.o(i.PendSV_Handler)
    SVC_Handler                              0x08001c85   Thumb Code     2  stm32f1xx_it.o(i.SVC_Handler)
    Show_Str                                 0x08001c89   Thumb Code   206  show.o(i.Show_Str)
    SysTick_Handler                          0x08001d5d   Thumb Code     4  stm32f1xx_it.o(i.SysTick_Handler)
    SystemClock_Config                       0x08001d61   Thumb Code    94  main.o(i.SystemClock_Config)
    SystemInit                               0x08001dbf   Thumb Code     2  system_stm32f1xx.o(i.SystemInit)
    TIM_Base_SetConfig                       0x08001dc1   Thumb Code   120  stm32f1xx_hal_tim.o(i.TIM_Base_SetConfig)
    TIM_ETR_SetConfig                        0x08001e4d   Thumb Code    20  stm32f1xx_hal_tim.o(i.TIM_ETR_SetConfig)
    UsageFault_Handler                       0x08001f71   Thumb Code     2  stm32f1xx_it.o(i.UsageFault_Handler)
    delay_us                                 0x08001f95   Thumb Code    54  delay_us.o(i.delay_us)
    main                                     0x08001fd1   Thumb Code    94  main.o(i.main)
    AHBPrescTable                            0x08002052   Data          16  system_stm32f1xx.o(.constdata)
    APBPrescTable                            0x08002062   Data           8  system_stm32f1xx.o(.constdata)
    asc2_1206                                0x0800206a   Data        1140  show.o(.constdata)
    asc2_1608                                0x080024de   Data        1520  show.o(.constdata)
    asc2_2412                                0x08002ace   Data         576  show.o(.constdata)
    tfont16                                  0x08002d0e   Data         170  show.o(.constdata)
    tfont24                                  0x08002db8   Data         814  show.o(.constdata)
    tfont32                                  0x080030e6   Data         130  show.o(.constdata)
    Region$$Table$$Base                      0x08003168   Number         0  anon$$obj.o(Region$$Table)
    Region$$Table$$Limit                     0x08003188   Number         0  anon$$obj.o(Region$$Table)
    uwTickFreq                               0x20000000   Data           1  stm32f1xx_hal.o(.data)
    uwTickPrio                               0x20000004   Data           4  stm32f1xx_hal.o(.data)
    uwTick                                   0x20000008   Data           4  stm32f1xx_hal.o(.data)
    SystemCoreClock                          0x2000000c   Data           4  system_stm32f1xx.o(.data)
    POINT_COLOR                              0x20000010   Data           2  lcd.o(.data)
    hspi2                                    0x20000014   Data          88  spi.o(.bss)
    htim2                                    0x2000006c   Data          72  tim.o(.bss)
    htim6                                    0x200000b4   Data          72  tim.o(.bss)
    huart1                                   0x200000fc   Data          72  usart.o(.bss)
    lcddev                                   0x20000144   Data          14  lcd.o(.bss)
    __libspace_start                         0x20000154   Data          96  libspace.o(.bss)
    __temporary_stack_top$libspace           0x200001b4   Data           0  libspace.o(.bss)



==============================================================================

Memory Map of the image

  Image Entry point : 0x08000131

  Load Region LR_IROM1 (Base: 0x08000000, Size: 0x0000319c, Max: 0x00040000, ABSOLUTE)

    Execution Region ER_IROM1 (Exec base: 0x08000000, Load base: 0x08000000, Size: 0x00003188, Max: 0x00040000, ABSOLUTE)

    Exec Addr    Load Addr    Size         Type   Attr      Idx    E Section Name        Object

    0x08000000   0x08000000   0x00000130   Data   RO            3    RESET               startup_stm32f103xe.o
    0x08000130   0x08000130   0x00000008   Code   RO         3429  * !!!main             c_w.l(__main.o)
    0x08000138   0x08000138   0x00000034   Code   RO         3588    !!!scatter          c_w.l(__scatter.o)
    0x0800016c   0x0800016c   0x0000001a   Code   RO         3590    !!handler_copy      c_w.l(__scatter_copy.o)
    0x08000186   0x08000186   0x00000002   PAD
    0x08000188   0x08000188   0x0000001c   Code   RO         3592    !!handler_zi        c_w.l(__scatter_zi.o)
    0x080001a4   0x080001a4   0x00000002   Code   RO         3456    .ARM.Collect$$libinit$$00000000  c_w.l(libinit.o)
    0x080001a6   0x080001a6   0x00000000   Code   RO         3463    .ARM.Collect$$libinit$$00000002  c_w.l(libinit2.o)
    0x080001a6   0x080001a6   0x00000000   Code   RO         3465    .ARM.Collect$$libinit$$00000004  c_w.l(libinit2.o)
    0x080001a6   0x080001a6   0x00000000   Code   RO         3468    .ARM.Collect$$libinit$$0000000A  c_w.l(libinit2.o)
    0x080001a6   0x080001a6   0x00000000   Code   RO         3470    .ARM.Collect$$libinit$$0000000C  c_w.l(libinit2.o)
    0x080001a6   0x080001a6   0x00000000   Code   RO         3472    .ARM.Collect$$libinit$$0000000E  c_w.l(libinit2.o)
    0x080001a6   0x080001a6   0x00000000   Code   RO         3475    .ARM.Collect$$libinit$$00000011  c_w.l(libinit2.o)
    0x080001a6   0x080001a6   0x00000000   Code   RO         3477    .ARM.Collect$$libinit$$00000013  c_w.l(libinit2.o)
    0x080001a6   0x080001a6   0x00000000   Code   RO         3479    .ARM.Collect$$libinit$$00000015  c_w.l(libinit2.o)
    0x080001a6   0x080001a6   0x00000000   Code   RO         3481    .ARM.Collect$$libinit$$00000017  c_w.l(libinit2.o)
    0x080001a6   0x080001a6   0x00000000   Code   RO         3483    .ARM.Collect$$libinit$$00000019  c_w.l(libinit2.o)
    0x080001a6   0x080001a6   0x00000000   Code   RO         3485    .ARM.Collect$$libinit$$0000001B  c_w.l(libinit2.o)
    0x080001a6   0x080001a6   0x00000000   Code   RO         3487    .ARM.Collect$$libinit$$0000001D  c_w.l(libinit2.o)
    0x080001a6   0x080001a6   0x00000000   Code   RO         3489    .ARM.Collect$$libinit$$0000001F  c_w.l(libinit2.o)
    0x080001a6   0x080001a6   0x00000000   Code   RO         3491    .ARM.Collect$$libinit$$00000021  c_w.l(libinit2.o)
    0x080001a6   0x080001a6   0x00000000   Code   RO         3493    .ARM.Collect$$libinit$$00000023  c_w.l(libinit2.o)
    0x080001a6   0x080001a6   0x00000000   Code   RO         3495    .ARM.Collect$$libinit$$00000025  c_w.l(libinit2.o)
    0x080001a6   0x080001a6   0x00000000   Code   RO         3499    .ARM.Collect$$libinit$$0000002C  c_w.l(libinit2.o)
    0x080001a6   0x080001a6   0x00000000   Code   RO         3501    .ARM.Collect$$libinit$$0000002E  c_w.l(libinit2.o)
    0x080001a6   0x080001a6   0x00000000   Code   RO         3503    .ARM.Collect$$libinit$$00000030  c_w.l(libinit2.o)
    0x080001a6   0x080001a6   0x00000000   Code   RO         3505    .ARM.Collect$$libinit$$00000032  c_w.l(libinit2.o)
    0x080001a6   0x080001a6   0x00000002   Code   RO         3506    .ARM.Collect$$libinit$$00000033  c_w.l(libinit2.o)
    0x080001a8   0x080001a8   0x00000002   Code   RO         3526    .ARM.Collect$$libshutdown$$00000000  c_w.l(libshutdown.o)
    0x080001aa   0x080001aa   0x00000000   Code   RO         3539    .ARM.Collect$$libshutdown$$00000002  c_w.l(libshutdown2.o)
    0x080001aa   0x080001aa   0x00000000   Code   RO         3541    .ARM.Collect$$libshutdown$$00000004  c_w.l(libshutdown2.o)
    0x080001aa   0x080001aa   0x00000000   Code   RO         3543    .ARM.Collect$$libshutdown$$00000006  c_w.l(libshutdown2.o)
    0x080001aa   0x080001aa   0x00000000   Code   RO         3546    .ARM.Collect$$libshutdown$$00000009  c_w.l(libshutdown2.o)
    0x080001aa   0x080001aa   0x00000000   Code   RO         3549    .ARM.Collect$$libshutdown$$0000000C  c_w.l(libshutdown2.o)
    0x080001aa   0x080001aa   0x00000000   Code   RO         3551    .ARM.Collect$$libshutdown$$0000000E  c_w.l(libshutdown2.o)
    0x080001aa   0x080001aa   0x00000000   Code   RO         3554    .ARM.Collect$$libshutdown$$00000011  c_w.l(libshutdown2.o)
    0x080001aa   0x080001aa   0x00000002   Code   RO         3555    .ARM.Collect$$libshutdown$$00000012  c_w.l(libshutdown2.o)
    0x080001ac   0x080001ac   0x00000000   Code   RO         3431    .ARM.Collect$$rtentry$$00000000  c_w.l(__rtentry.o)
    0x080001ac   0x080001ac   0x00000000   Code   RO         3433    .ARM.Collect$$rtentry$$00000002  c_w.l(__rtentry2.o)
    0x080001ac   0x080001ac   0x00000006   Code   RO         3445    .ARM.Collect$$rtentry$$00000004  c_w.l(__rtentry4.o)
    0x080001b2   0x080001b2   0x00000000   Code   RO         3435    .ARM.Collect$$rtentry$$00000009  c_w.l(__rtentry2.o)
    0x080001b2   0x080001b2   0x00000004   Code   RO         3436    .ARM.Collect$$rtentry$$0000000A  c_w.l(__rtentry2.o)
    0x080001b6   0x080001b6   0x00000000   Code   RO         3438    .ARM.Collect$$rtentry$$0000000C  c_w.l(__rtentry2.o)
    0x080001b6   0x080001b6   0x00000008   Code   RO         3439    .ARM.Collect$$rtentry$$0000000D  c_w.l(__rtentry2.o)
    0x080001be   0x080001be   0x00000002   Code   RO         3460    .ARM.Collect$$rtexit$$00000000  c_w.l(rtexit.o)
    0x080001c0   0x080001c0   0x00000000   Code   RO         3508    .ARM.Collect$$rtexit$$00000002  c_w.l(rtexit2.o)
    0x080001c0   0x080001c0   0x00000004   Code   RO         3509    .ARM.Collect$$rtexit$$00000003  c_w.l(rtexit2.o)
    0x080001c4   0x080001c4   0x00000006   Code   RO         3510    .ARM.Collect$$rtexit$$00000004  c_w.l(rtexit2.o)
    0x080001ca   0x080001ca   0x00000002   PAD
    0x080001cc   0x080001cc   0x00000040   Code   RO            4    .text               startup_stm32f103xe.o
    0x0800020c   0x0800020c   0x0000004e   Code   RO         3425    .text               c_w.l(rt_memclr_w.o)
    0x0800025a   0x0800025a   0x00000006   Code   RO         3427    .text               c_w.l(heapauxi.o)
    0x08000260   0x08000260   0x0000004a   Code   RO         3447    .text               c_w.l(sys_stackheap_outer.o)
    0x080002aa   0x080002aa   0x00000012   Code   RO         3449    .text               c_w.l(exit.o)
    0x080002bc   0x080002bc   0x00000008   Code   RO         3457    .text               c_w.l(libspace.o)
    0x080002c4   0x080002c4   0x0000000c   Code   RO         3518    .text               c_w.l(sys_exit.o)
    0x080002d0   0x080002d0   0x00000002   Code   RO         3529    .text               c_w.l(use_no_semi.o)
    0x080002d2   0x080002d2   0x00000000   Code   RO         3531    .text               c_w.l(indicate_semi.o)
    0x080002d2   0x080002d2   0x00000002   Code   RO          322    i.BusFault_Handler  stm32f1xx_it.o
    0x080002d4   0x080002d4   0x00000002   Code   RO          323    i.DebugMon_Handler  stm32f1xx_it.o
    0x080002d6   0x080002d6   0x00000008   Code   RO          324    i.EXTI9_5_IRQHandler  stm32f1xx_it.o
    0x080002de   0x080002de   0x00000004   Code   RO           13    i.Error_Handler     main.o
    0x080002e2   0x080002e2   0x00000002   PAD
    0x080002e4   0x080002e4   0x000000ec   Code   RO         3280    i.GUI_DrawFont16    show.o
    0x080003d0   0x080003d0   0x000000f0   Code   RO         3281    i.GUI_DrawFont24    show.o
    0x080004c0   0x080004c0   0x000000ec   Code   RO         3282    i.GUI_DrawFont32    show.o
    0x080005ac   0x080005ac   0x00000024   Code   RO          792    i.HAL_Delay         stm32f1xx_hal.o
    0x080005d0   0x080005d0   0x00000002   Code   RO         1100    i.HAL_GPIO_EXTI_Callback  stm32f1xx_hal_gpio.o
    0x080005d2   0x080005d2   0x00000002   PAD
    0x080005d4   0x080005d4   0x00000018   Code   RO         1101    i.HAL_GPIO_EXTI_IRQHandler  stm32f1xx_hal_gpio.o
    0x080005ec   0x080005ec   0x000001f8   Code   RO         1102    i.HAL_GPIO_Init     stm32f1xx_hal_gpio.o
    0x080007e4   0x080007e4   0x0000000a   Code   RO         1106    i.HAL_GPIO_WritePin  stm32f1xx_hal_gpio.o
    0x080007ee   0x080007ee   0x00000002   PAD
    0x080007f0   0x080007f0   0x0000000c   Code   RO          796    i.HAL_GetTick       stm32f1xx_hal.o
    0x080007fc   0x080007fc   0x00000010   Code   RO          802    i.HAL_IncTick       stm32f1xx_hal.o
    0x0800080c   0x0800080c   0x00000024   Code   RO          803    i.HAL_Init          stm32f1xx_hal.o
    0x08000830   0x08000830   0x00000040   Code   RO          804    i.HAL_InitTick      stm32f1xx_hal.o
    0x08000870   0x08000870   0x0000003c   Code   RO          403    i.HAL_MspInit       stm32f1xx_hal_msp.o
    0x080008ac   0x080008ac   0x0000001a   Code   RO         1262    i.HAL_NVIC_EnableIRQ  stm32f1xx_hal_cortex.o
    0x080008c6   0x080008c6   0x00000002   PAD
    0x080008c8   0x080008c8   0x00000040   Code   RO         1268    i.HAL_NVIC_SetPriority  stm32f1xx_hal_cortex.o
    0x08000908   0x08000908   0x00000024   Code   RO         1269    i.HAL_NVIC_SetPriorityGrouping  stm32f1xx_hal_cortex.o
    0x0800092c   0x0800092c   0x0000012c   Code   RO          960    i.HAL_RCC_ClockConfig  stm32f1xx_hal_rcc.o
    0x08000a58   0x08000a58   0x00000020   Code   RO          967    i.HAL_RCC_GetPCLK1Freq  stm32f1xx_hal_rcc.o
    0x08000a78   0x08000a78   0x00000020   Code   RO          968    i.HAL_RCC_GetPCLK2Freq  stm32f1xx_hal_rcc.o
    0x08000a98   0x08000a98   0x0000004c   Code   RO          969    i.HAL_RCC_GetSysClockFreq  stm32f1xx_hal_rcc.o
    0x08000ae4   0x08000ae4   0x00000320   Code   RO          972    i.HAL_RCC_OscConfig  stm32f1xx_hal_rcc.o
    0x08000e04   0x08000e04   0x000000b2   Code   RO          474    i.HAL_SPI_Init      stm32f1xx_hal_spi.o
    0x08000eb6   0x08000eb6   0x00000002   PAD
    0x08000eb8   0x08000eb8   0x00000074   Code   RO          190    i.HAL_SPI_MspInit   spi.o
    0x08000f2c   0x08000f2c   0x0000016e   Code   RO          482    i.HAL_SPI_Transmit  stm32f1xx_hal_spi.o
    0x0800109a   0x0800109a   0x00000028   Code   RO         1273    i.HAL_SYSTICK_Config  stm32f1xx_hal_cortex.o
    0x080010c2   0x080010c2   0x00000002   PAD
    0x080010c4   0x080010c4   0x0000007c   Code   RO         2487    i.HAL_TIMEx_MasterConfigSynchronization  stm32f1xx_hal_tim_ex.o
    0x08001140   0x08001140   0x0000005a   Code   RO         1764    i.HAL_TIM_Base_Init  stm32f1xx_hal_tim.o
    0x0800119a   0x0800119a   0x00000002   PAD
    0x0800119c   0x0800119c   0x0000003c   Code   RO          233    i.HAL_TIM_Base_MspInit  tim.o
    0x080011d8   0x080011d8   0x00000064   Code   RO         1767    i.HAL_TIM_Base_Start  stm32f1xx_hal_tim.o
    0x0800123c   0x0800123c   0x000000dc   Code   RO         1773    i.HAL_TIM_ConfigClockSource  stm32f1xx_hal_tim.o
    0x08001318   0x08001318   0x00000064   Code   RO         2765    i.HAL_UART_Init     stm32f1xx_hal_uart.o
    0x0800137c   0x0800137c   0x00000070   Code   RO          281    i.HAL_UART_MspInit  usart.o
    0x080013ec   0x080013ec   0x00000002   Code   RO          325    i.HardFault_Handler  stm32f1xx_it.o
    0x080013ee   0x080013ee   0x00000002   PAD
    0x080013f0   0x080013f0   0x00000044   Code   RO         3166    i.LCD_Clear         lcd.o
    0x08001434   0x08001434   0x0000009a   Code   RO         3287    i.LCD_DrawLine      show.o
    0x080014ce   0x080014ce   0x00000002   PAD
    0x080014d0   0x080014d0   0x00000018   Code   RO         3167    i.LCD_DrawPoint     lcd.o
    0x080014e8   0x080014e8   0x0000003a   Code   RO         3288    i.LCD_DrawRectangle  show.o
    0x08001522   0x08001522   0x00000224   Code   RO         3169    i.LCD_Init          lcd.o
    0x08001746   0x08001746   0x00000012   Code   RO         3170    i.LCD_RESET         lcd.o
    0x08001758   0x08001758   0x00000008   Code   RO         3171    i.LCD_SetCursor     lcd.o
    0x08001760   0x08001760   0x00000024   Code   RO         3172    i.LCD_SetParam      lcd.o
    0x08001784   0x08001784   0x00000064   Code   RO         3173    i.LCD_SetWindows    lcd.o
    0x080017e8   0x080017e8   0x00000104   Code   RO         3290    i.LCD_ShowChar      show.o
    0x080018ec   0x080018ec   0x00000034   Code   RO         3174    i.LCD_WR_DATA       lcd.o
    0x08001920   0x08001920   0x0000003c   Code   RO         3175    i.LCD_WR_DATA_16Bit  lcd.o
    0x0800195c   0x0800195c   0x00000034   Code   RO         3176    i.LCD_WR_REG        lcd.o
    0x08001990   0x08001990   0x0000000c   Code   RO         3177    i.LCD_WriteRAM_Prepare  lcd.o
    0x0800199c   0x0800199c   0x00000012   Code   RO         3178    i.LCD_WriteReg      lcd.o
    0x080019ae   0x080019ae   0x00000002   PAD
    0x080019b0   0x080019b0   0x000000d0   Code   RO          165    i.MX_GPIO_Init      gpio.o
    0x08001a80   0x08001a80   0x00000044   Code   RO          191    i.MX_SPI2_Init      spi.o
    0x08001ac4   0x08001ac4   0x00000064   Code   RO          234    i.MX_TIM2_Init      tim.o
    0x08001b28   0x08001b28   0x00000044   Code   RO          235    i.MX_TIM6_Init      tim.o
    0x08001b6c   0x08001b6c   0x00000038   Code   RO          282    i.MX_USART1_UART_Init  usart.o
    0x08001ba4   0x08001ba4   0x00000002   Code   RO          326    i.MemManage_Handler  stm32f1xx_it.o
    0x08001ba6   0x08001ba6   0x00000002   Code   RO          327    i.NMI_Handler       stm32f1xx_it.o
    0x08001ba8   0x08001ba8   0x00000002   Code   RO          328    i.PendSV_Handler    stm32f1xx_it.o
    0x08001baa   0x08001baa   0x00000020   Code   RO          512    i.SPI_EndRxTxTransaction  stm32f1xx_hal_spi.o
    0x08001bca   0x08001bca   0x00000002   PAD
    0x08001bcc   0x08001bcc   0x000000b8   Code   RO          517    i.SPI_WaitFlagStateUntilTimeout  stm32f1xx_hal_spi.o
    0x08001c84   0x08001c84   0x00000002   Code   RO          329    i.SVC_Handler       stm32f1xx_it.o
    0x08001c86   0x08001c86   0x00000002   PAD
    0x08001c88   0x08001c88   0x000000d4   Code   RO         3294    i.Show_Str          show.o
    0x08001d5c   0x08001d5c   0x00000004   Code   RO          330    i.SysTick_Handler   stm32f1xx_it.o
    0x08001d60   0x08001d60   0x0000005e   Code   RO           14    i.SystemClock_Config  main.o
    0x08001dbe   0x08001dbe   0x00000002   Code   RO         3099    i.SystemInit        system_stm32f1xx.o
    0x08001dc0   0x08001dc0   0x0000008c   Code   RO         1857    i.TIM_Base_SetConfig  stm32f1xx_hal_tim.o
    0x08001e4c   0x08001e4c   0x00000014   Code   RO         1868    i.TIM_ETR_SetConfig  stm32f1xx_hal_tim.o
    0x08001e60   0x08001e60   0x00000010   Code   RO         1869    i.TIM_ITRx_SetConfig  stm32f1xx_hal_tim.o
    0x08001e70   0x08001e70   0x00000022   Code   RO         1875    i.TIM_TI1_ConfigInputStage  stm32f1xx_hal_tim.o
    0x08001e92   0x08001e92   0x00000024   Code   RO         1877    i.TIM_TI2_ConfigInputStage  stm32f1xx_hal_tim.o
    0x08001eb6   0x08001eb6   0x00000002   PAD
    0x08001eb8   0x08001eb8   0x000000b8   Code   RO         2791    i.UART_SetConfig    stm32f1xx_hal_uart.o
    0x08001f70   0x08001f70   0x00000002   Code   RO          331    i.UsageFault_Handler  stm32f1xx_it.o
    0x08001f72   0x08001f72   0x00000020   Code   RO         1275    i.__NVIC_SetPriority  stm32f1xx_hal_cortex.o
    0x08001f92   0x08001f92   0x00000002   PAD
    0x08001f94   0x08001f94   0x0000003c   Code   RO         3136    i.delay_us          delay_us.o
    0x08001fd0   0x08001fd0   0x00000070   Code   RO           15    i.main              main.o
    0x08002040   0x08002040   0x00000012   Data   RO          973    .constdata          stm32f1xx_hal_rcc.o
    0x08002052   0x08002052   0x00000010   Data   RO         3100    .constdata          system_stm32f1xx.o
    0x08002062   0x08002062   0x00000008   Data   RO         3101    .constdata          system_stm32f1xx.o
    0x0800206a   0x0800206a   0x000010fe   Data   RO         3298    .constdata          show.o
    0x08003168   0x08003168   0x00000020   Data   RO         3586    Region$$Table       anon$$obj.o


    Execution Region RW_IRAM1 (Exec base: 0x20000000, Load base: 0x08003188, Size: 0x000007b8, Max: 0x0000c000, ABSOLUTE)

    Exec Addr    Load Addr    Size         Type   Attr      Idx    E Section Name        Object

    0x20000000   0x08003188   0x0000000c   Data   RW          810    .data               stm32f1xx_hal.o
    0x2000000c   0x08003194   0x00000004   Data   RW         3102    .data               system_stm32f1xx.o
    0x20000010   0x08003198   0x00000002   Data   RW         3180    .data               lcd.o
    0x20000012   0x0800319a   0x00000002   PAD
    0x20000014        -       0x00000058   Zero   RW          192    .bss                spi.o
    0x2000006c        -       0x00000090   Zero   RW          236    .bss                tim.o
    0x200000fc        -       0x00000048   Zero   RW          283    .bss                usart.o
    0x20000144        -       0x0000000e   Zero   RW         3179    .bss                lcd.o
    0x20000152   0x0800319a   0x00000002   PAD
    0x20000154        -       0x00000060   Zero   RW         3458    .bss                c_w.l(libspace.o)
    0x200001b4   0x0800319a   0x00000004   PAD
    0x200001b8        -       0x00000200   Zero   RW            2    HEAP                startup_stm32f103xe.o
    0x200003b8        -       0x00000400   Zero   RW            1    STACK               startup_stm32f103xe.o


==============================================================================

Image component sizes


      Code (inc. data)   RO Data    RW Data    ZI Data      Debug   Object Name

        60          6          0          0          0        435   delay_us.o
       208         18          0          0          0        939   gpio.o
       996         64          0          2         14       8141   lcd.o
       210         18          0          0          0     494012   main.o
      1396         64       4350          0          0       8738   show.o
       184         22          0          0         88       1573   spi.o
        64         26        304          0       1536        800   startup_stm32f103xe.o
       164         28          0         12          0       6349   stm32f1xx_hal.o
       198         14          0          0          0      28815   stm32f1xx_hal_cortex.o
       540         48          0          0          0       3920   stm32f1xx_hal_gpio.o
        60          8          0          0          0        830   stm32f1xx_hal_msp.o
      1240         84         18          0          0       4992   stm32f1xx_hal_rcc.o
       760          4          0          0          0       4278   stm32f1xx_hal_spi.o
       656         42          0          0          0       6576   stm32f1xx_hal_tim.o
       124         20          0          0          0       1316   stm32f1xx_hal_tim_ex.o
       284          6          0          0          0       1868   stm32f1xx_hal_uart.o
        28          0          0          0          0       4103   stm32f1xx_it.o
         2          0         24          4          0       1059   system_stm32f1xx.o
       228         20          0          0        144       2123   tim.o
       168         20          0          0         72       1598   usart.o

    ----------------------------------------------------------------------
      7598        512       4728         20       1856     582465   Object Totals
         0          0         32          0          0          0   (incl. Generated)
        28          0          0          2          2          0   (incl. Padding)

    ----------------------------------------------------------------------

      Code (inc. data)   RO Data    RW Data    ZI Data      Debug   Library Member Name

         8          0          0          0          0         68   __main.o
         0          0          0          0          0          0   __rtentry.o
        12          0          0          0          0          0   __rtentry2.o
         6          0          0          0          0          0   __rtentry4.o
        52          8          0          0          0          0   __scatter.o
        26          0          0          0          0          0   __scatter_copy.o
        28          0          0          0          0          0   __scatter_zi.o
        18          0          0          0          0         80   exit.o
         6          0          0          0          0        152   heapauxi.o
         0          0          0          0          0          0   indicate_semi.o
         2          0          0          0          0          0   libinit.o
         2          0          0          0          0          0   libinit2.o
         2          0          0          0          0          0   libshutdown.o
         2          0          0          0          0          0   libshutdown2.o
         8          4          0          0         96         68   libspace.o
        78          0          0          0          0         80   rt_memclr_w.o
         2          0          0          0          0          0   rtexit.o
        10          0          0          0          0          0   rtexit2.o
        12          4          0          0          0         68   sys_exit.o
        74          0          0          0          0         80   sys_stackheap_outer.o
         2          0          0          0          0         68   use_no_semi.o

    ----------------------------------------------------------------------
       354         16          0          0        100        664   Library Totals
         4          0          0          0          4          0   (incl. Padding)

    ----------------------------------------------------------------------

      Code (inc. data)   RO Data    RW Data    ZI Data      Debug   Library Name

       350         16          0          0         96        664   c_w.l

    ----------------------------------------------------------------------
       354         16          0          0        100        664   Library Totals

    ----------------------------------------------------------------------

==============================================================================


      Code (inc. data)   RO Data    RW Data    ZI Data      Debug   

      7952        528       4728         20       1956     579173   Grand Totals
      7952        528       4728         20       1956     579173   ELF Image Totals
      7952        528       4728         20          0          0   ROM Totals

==============================================================================

    Total RO  Size (Code + RO Data)                12680 (  12.38kB)
    Total RW  Size (RW Data + ZI Data)              1976 (   1.93kB)
    Total ROM Size (Code + RO Data + RW Data)      12700 (  12.40kB)

==============================================================================

